0 verbose cli C:\Program Files\nodejs\node.exe C:\Program Files\nodejs\node_modules\npm\bin\npm-cli.js
1 info using npm@11.6.2
2 info using node@v24.11.1
3 silly config load:file:C:\Program Files\nodejs\node_modules\npm\npmrc
4 silly config load:file:E:\vyrl revamp\vyrl-revamp\.npmrc
5 silly config load:file:C:\Users\DELL\.npmrc
6 silly config load:file:C:\Users\DELL\AppData\Roaming\npm\etc\npmrc
7 verbose title npm i
8 verbose argv "i" "--cache" "clean"
9 verbose logfile logs-max:10 dir:E:\vyrl revamp\vyrl-revamp\clean\_logs\2026-07-27T10_41_16_865Z-
10 verbose logfile E:\vyrl revamp\vyrl-revamp\clean\_logs\2026-07-27T10_41_16_865Z-debug-0.log
11 silly logfile done cleaning log files
12 silly packumentCache heap:4496293888 maxSize:1124073472 maxEntrySize:562036736
13 silly idealTree buildDeps
14 verbose shrinkwrap failed to load node_modules/.package-lock.json out of date, updated: node_modules
15 http fetch GET 200 https://registry.npmjs.org/npm 321ms
16 silly reify mark retired [
16 silly reify   'E:\\vyrl revamp\\vyrl-revamp\\node_modules\\eslint',
16 silly reify   'E:\\vyrl revamp\\vyrl-revamp\\node_modules\\.bin\\eslint',
16 silly reify   'E:\\vyrl revamp\\vyrl-revamp\\node_modules\\.bin\\eslint.cmd',
16 silly reify   'E:\\vyrl revamp\\vyrl-revamp\\node_modules\\.bin\\eslint.ps1'
16 silly reify ]
17 silly reify mark retired [
17 silly reify   'E:\\vyrl revamp\\vyrl-revamp\\node_modules\\next',
17 silly reify   'E:\\vyrl revamp\\vyrl-revamp\\node_modules\\.bin\\next',
17 silly reify   'E:\\vyrl revamp\\vyrl-revamp\\node_modules\\.bin\\next.cmd',
17 silly reify   'E:\\vyrl revamp\\vyrl-revamp\\node_modules\\.bin\\next.ps1'
17 silly reify ]
18 silly reify mark retired [ 'E:\\vyrl revamp\\vyrl-revamp\\node_modules\\gsap' ]
19 silly reify mark retired [ 'E:\\vyrl revamp\\vyrl-revamp\\node_modules\\clean' ]
20 silly reify mark retired [ 'E:\\vyrl revamp\\vyrl-revamp\\node_modules\\matter-js' ]
21 silly reify mark retired [ 'E:\\vyrl revamp\\vyrl-revamp\\node_modules\\tailwindcss' ]
22 silly reify mark retired [ 'E:\\vyrl revamp\\vyrl-revamp\\node_modules\\next-view-transitions' ]
23 silly reify mark retired [ 'E:\\vyrl revamp\\vyrl-revamp\\node_modules\\lenis' ]
24 silly reify mark retired [
24 silly reify   'E:\\vyrl revamp\\vyrl-revamp\\node_modules\\typescript',
24 silly reify   'E:\\vyrl revamp\\vyrl-revamp\\node_modules\\.bin\\tsc',
24 silly reify   'E:\\vyrl revamp\\vyrl-revamp\\node_modules\\.bin\\tsc.cmd',
24 silly reify   'E:\\vyrl revamp\\vyrl-revamp\\node_modules\\.bin\\tsc.ps1',
24 silly reify   'E:\\vyrl revamp\\vyrl-revamp\\node_modules\\.bin\\tsserver',
24 silly reify   'E:\\vyrl revamp\\vyrl-revamp\\node_modules\\.bin\\tsserver.cmd',
24 silly reify   'E:\\vyrl revamp\\vyrl-revamp\\node_modules\\.bin\\tsserver.ps1'
24 silly reify ]
25 silly reify mark retired [ 'E:\\vyrl revamp\\vyrl-revamp\\node_modules\\react-dom' ]
26 silly reify mark retired [ 'E:\\vyrl revamp\\vyrl-revamp\\node_modules\\swiper' ]
27 silly reify mark retired [ 'E:\\vyrl revamp\\vyrl-revamp\\node_modules\\eslint-config-next' ]
28 silly reify mark retired [
28 silly reify   'E:\\vyrl revamp\\vyrl-revamp\\node_modules\\playwright',
28 silly reify   'E:\\vyrl revamp\\vyrl-revamp\\node_modules\\.bin\\playwright',
28 silly reify   'E:\\vyrl revamp\\vyrl-revamp\\node_modules\\.bin\\playwright.cmd',
28 silly reify   'E:\\vyrl revamp\\vyrl-revamp\\node_modules\\.bin\\playwright.ps1'
28 silly reify ]
29 silly reify mark retired [ 'E:\\vyrl revamp\\vyrl-revamp\\node_modules\\three' ]
30 silly reify mark retired [ 'E:\\vyrl revamp\\vyrl-revamp\\node_modules\\react' ]
31 silly reify mark retired [ 'E:\\vyrl revamp\\vyrl-revamp\\node_modules\\@tailwindcss\\postcss' ]
32 silly reify mark retired [ 'E:\\vyrl revamp\\vyrl-revamp\\node_modules\\split-type' ]
33 silly reify mark retired [ 'E:\\vyrl revamp\\vyrl-revamp\\node_modules\\@types\\react' ]
34 silly reify mark retired [ 'E:\\vyrl revamp\\vyrl-revamp\\node_modules\\@types\\three' ]
35 silly reify mark retired [ 'E:\\vyrl revamp\\vyrl-revamp\\node_modules\\@types\\node' ]
36 silly reify mark retired [ 'E:\\vyrl revamp\\vyrl-revamp\\node_modules\\@gsap\\react' ]
37 silly reify mark retired [ 'E:\\vyrl revamp\\vyrl-revamp\\node_modules\\@types\\react-dom' ]
38 silly reify moves {
38 silly reify   'E:\\vyrl revamp\\vyrl-revamp\\node_modules\\eslint': 'E:\\vyrl revamp\\vyrl-revamp\\node_modules\\.eslint-TfYZsExc',
38 silly reify   'E:\\vyrl revamp\\vyrl-revamp\\node_modules\\.bin\\eslint': 'E:\\vyrl revamp\\vyrl-revamp\\node_modules\\.bin\\.eslint-pNgxJR1r',
38 silly reify   'E:\\vyrl revamp\\vyrl-revamp\\node_modules\\.bin\\eslint.cmd': 'E:\\vyrl revamp\\vyrl-revamp\\node_modules\\.bin\\.eslint.cmd-QOUr92dz',
38 silly reify   'E:\\vyrl revamp\\vyrl-revamp\\node_modules\\.bin\\eslint.ps1': 'E:\\vyrl revamp\\vyrl-revamp\\node_modules\\.bin\\.eslint.ps1-23JAUocV',
38 silly reify   'E:\\vyrl revamp\\vyrl-revamp\\node_modules\\next': 'E:\\vyrl revamp\\vyrl-revamp\\node_modules\\.next-lAXRYhGz',
38 silly reify   'E:\\vyrl revamp\\vyrl-revamp\\node_modules\\.bin\\next': 'E:\\vyrl revamp\\vyrl-revamp\\node_modules\\.bin\\.next-TqWP3dAz',
38 silly reify   'E:\\vyrl revamp\\vyrl-revamp\\node_modules\\.bin\\next.cmd': 'E:\\vyrl revamp\\vyrl-revamp\\node_modules\\.bin\\.next.cmd-K3pgE1kI',
38 silly reify   'E:\\vyrl revamp\\vyrl-revamp\\node_modules\\.bin\\next.ps1': 'E:\\vyrl revamp\\vyrl-revamp\\node_modules\\.bin\\.next.ps1-Kcw3ah8V',
38 silly reify   'E:\\vyrl revamp\\vyrl-revamp\\node_modules\\gsap': 'E:\\vyrl revamp\\vyrl-revamp\\node_modules\\.gsap-A2tj5cD8',
38 silly reify   'E:\\vyrl revamp\\vyrl-revamp\\node_modules\\clean': 'E:\\vyrl revamp\\vyrl-revamp\\node_modules\\.clean-EriCyOBm',
38 silly reify   'E:\\vyrl revamp\\vyrl-revamp\\node_modules\\matter-js': 'E:\\vyrl revamp\\vyrl-revamp\\node_modules\\.matter-js-XmRNncCs',
38 silly reify   'E:\\vyrl revamp\\vyrl-revamp\\node_modules\\tailwindcss': 'E:\\vyrl revamp\\vyrl-revamp\\node_modules\\.tailwindcss-7JqwC9ND',
38 silly reify   'E:\\vyrl revamp\\vyrl-revamp\\node_modules\\next-view-transitions': 'E:\\vyrl revamp\\vyrl-revamp\\node_modules\\.next-view-transitions-AnZKR2qa',
38 silly reify   'E:\\vyrl revamp\\vyrl-revamp\\node_modules\\lenis': 'E:\\vyrl revamp\\vyrl-revamp\\node_modules\\.lenis-6qCVqviG',
38 silly reify   'E:\\vyrl revamp\\vyrl-revamp\\node_modules\\typescript': 'E:\\vyrl revamp\\vyrl-revamp\\node_modules\\.typescript-BEdDruYO',
38 silly reify   'E:\\vyrl revamp\\vyrl-revamp\\node_modules\\.bin\\tsc': 'E:\\vyrl revamp\\vyrl-revamp\\node_modules\\.bin\\.tsc-EDnDZ9nI',
38 silly reify   'E:\\vyrl revamp\\vyrl-revamp\\node_modules\\.bin\\tsc.cmd': 'E:\\vyrl revamp\\vyrl-revamp\\node_modules\\.bin\\.tsc.cmd-d8nGSWXE',
38 silly reify   'E:\\vyrl revamp\\vyrl-revamp\\node_modules\\.bin\\tsc.ps1': 'E:\\vyrl revamp\\vyrl-revamp\\node_modules\\.bin\\.tsc.ps1-duolpwvQ',
38 silly reify   'E:\\vyrl revamp\\vyrl-revamp\\node_modules\\.bin\\tsserver': 'E:\\vyrl revamp\\vyrl-revamp\\node_modules\\.bin\\.tsserver-jrwqgnwK',
38 silly reify   'E:\\vyrl revamp\\vyrl-revamp\\node_modules\\.bin\\tsserver.cmd': 'E:\\vyrl revamp\\vyrl-revamp\\node_modules\\.bin\\.tsserver.cmd-KRZjGQQo',
38 silly reify   'E:\\vyrl revamp\\vyrl-revamp\\node_modules\\.bin\\tsserver.ps1': 'E:\\vyrl revamp\\vyrl-revamp\\node_modules\\.bin\\.tsserver.ps1-7YWqQ7va',
38 silly reify   'E:\\vyrl revamp\\vyrl-revamp\\node_modules\\react-dom': 'E:\\vyrl revamp\\vyrl-revamp\\node_modules\\.react-dom-0vWdOWRI',
38 silly reify   'E:\\vyrl revamp\\vyrl-revamp\\node_modules\\swiper': 'E:\\vyrl revamp\\vyrl-revamp\\node_modules\\.swiper-BWZ5Ce8R',
38 silly reify   'E:\\vyrl revamp\\vyrl-revamp\\node_modules\\eslint-config-next': 'E:\\vyrl revamp\\vyrl-revamp\\node_modules\\.eslint-config-next-ZYfE3syR',
38 silly reify   'E:\\vyrl revamp\\vyrl-revamp\\node_modules\\playwright': 'E:\\vyrl revamp\\vyrl-revamp\\node_modules\\.playwright-YJG6yhGo',
38 silly reify   'E:\\vyrl revamp\\vyrl-revamp\\node_modules\\.bin\\playwright': 'E:\\vyrl revamp\\vyrl-revamp\\node_modules\\.bin\\.playwright-wQilRIe3',
38 silly reify   'E:\\vyrl revamp\\vyrl-revamp\\node_modules\\.bin\\playwright.cmd': 'E:\\vyrl revamp\\vyrl-revamp\\node_modules\\.bin\\.playwright.cmd-rrV9ij7z',
38 silly reify   'E:\\vyrl revamp\\vyrl-revamp\\node_modules\\.bin\\playwright.ps1': 'E:\\vyrl revamp\\vyrl-revamp\\node_modules\\.bin\\.playwright.ps1-5K0IeH55',
38 silly reify   'E:\\vyrl revamp\\vyrl-revamp\\node_modules\\three': 'E:\\vyrl revamp\\vyrl-revamp\\node_modules\\.three-Vn3FRNtZ',
38 silly reify   'E:\\vyrl revamp\\vyrl-revamp\\node_modules\\react': 'E:\\vyrl revamp\\vyrl-revamp\\node_modules\\.react-pojfmIUw',
38 silly reify   'E:\\vyrl revamp\\vyrl-revamp\\node_modules\\@tailwindcss\\postcss': 'E:\\vyrl revamp\\vyrl-revamp\\node_modules\\@tailwindcss\\.postcss-iUTLY9OM',
38 silly reify   'E:\\vyrl revamp\\vyrl-revamp\\node_modules\\split-type': 'E:\\vyrl revamp\\vyrl-revamp\\node_modules\\.split-type-ZTt7A42t',
38 silly reify   'E:\\vyrl revamp\\vyrl-revamp\\node_modules\\@types\\react': 'E:\\vyrl revamp\\vyrl-revamp\\node_modules\\@types\\.react-NkXkb85p',
38 silly reify   'E:\\vyrl revamp\\vyrl-revamp\\node_modules\\@types\\three': 'E:\\vyrl revamp\\vyrl-revamp\\node_modules\\@types\\.three-3PVORC17',
38 silly reify   'E:\\vyrl revamp\\vyrl-revamp\\node_modules\\@types\\node': 'E:\\vyrl revamp\\vyrl-revamp\\node_modules\\@types\\.node-3YWrwYV7',
38 silly reify   'E:\\vyrl revamp\\vyrl-revamp\\node_modules\\@gsap\\react': 'E:\\vyrl revamp\\vyrl-revamp\\node_modules\\@gsap\\.react-mUGlVJiL',
38 silly reify   'E:\\vyrl revamp\\vyrl-revamp\\node_modules\\@types\\react-dom': 'E:\\vyrl revamp\\vyrl-revamp\\node_modules\\@types\\.react-dom-wL1ZagSA'
38 silly reify }
39 silly audit bulk request {
39 silly audit   '@alloc/quick-lru': [ '5.2.0' ],
39 silly audit   '@babel/code-frame': [ '7.29.0' ],
39 silly audit   '@babel/compat-data': [ '7.29.3' ],
39 silly audit   '@babel/core': [ '7.29.0' ],
39 silly audit   '@babel/generator': [ '7.29.1' ],
39 silly audit   '@babel/helper-compilation-targets': [ '7.28.6' ],
39 silly audit   '@babel/helper-globals': [ '7.28.0' ],
39 silly audit   '@babel/helper-module-imports': [ '7.28.6' ],
39 silly audit   '@babel/helper-module-transforms': [ '7.28.6' ],
39 silly audit   '@babel/helper-string-parser': [ '7.27.1' ],
39 silly audit   '@babel/helper-validator-identifier': [ '7.28.5' ],
39 silly audit   '@babel/helper-validator-option': [ '7.27.1' ],
39 silly audit   '@babel/helpers': [ '7.29.2' ],
39 silly audit   '@babel/parser': [ '7.29.3' ],
39 silly audit   '@babel/template': [ '7.28.6' ],
39 silly audit   '@babel/traverse': [ '7.29.0' ],
39 silly audit   '@babel/types': [ '7.29.0' ],
39 silly audit   '@dimforge/rapier3d-compat': [ '0.12.0' ],
39 silly audit   '@emnapi/core': [ '1.10.0' ],
39 silly audit   '@emnapi/runtime': [ '1.10.0' ],
39 silly audit   '@emnapi/wasi-threads': [ '1.2.1' ],
39 silly audit   '@eslint-community/eslint-utils': [ '4.9.1' ],
39 silly audit   'eslint-visitor-keys': [ '3.4.3', '5.0.1', '4.2.1' ],
39 silly audit   '@eslint-community/regexpp': [ '4.12.2' ],
39 silly audit   '@eslint/config-array': [ '0.21.2' ],
39 silly audit   '@eslint/config-helpers': [ '0.4.2' ],
39 silly audit   '@eslint/core': [ '0.17.0' ],
39 silly audit   '@eslint/eslintrc': [ '3.3.5' ],
39 silly audit   '@eslint/js': [ '9.39.4' ],
39 silly audit   '@eslint/object-schema': [ '2.1.7' ],
39 silly audit   '@eslint/plugin-kit': [ '0.4.1' ],
39 silly audit   '@gsap/react': [ '2.1.2' ],
39 silly audit   '@humanfs/core': [ '0.19.2' ],
39 silly audit   '@humanfs/node': [ '0.16.8' ],
39 silly audit   '@humanfs/types': [ '0.15.0' ],
39 silly audit   '@humanwhocodes/module-importer': [ '1.0.1' ],
39 silly audit   '@humanwhocodes/retry': [ '0.4.3' ],
39 silly audit   '@img/colour': [ '1.1.0' ],
39 silly audit   '@img/sharp-darwin-arm64': [ '0.34.5' ],
39 silly audit   '@img/sharp-darwin-x64': [ '0.34.5' ],
39 silly audit   '@img/sharp-libvips-darwin-arm64': [ '1.2.4' ],
39 silly audit   '@img/sharp-libvips-darwin-x64': [ '1.2.4' ],
39 silly audit   '@img/sharp-libvips-linux-arm': [ '1.2.4' ],
39 silly audit   '@img/sharp-libvips-linux-arm64': [ '1.2.4' ],
39 silly audit   '@img/sharp-libvips-linux-ppc64': [ '1.2.4' ],
39 silly audit   '@img/sharp-libvips-linux-riscv64': [ '1.2.4' ],
39 silly audit   '@img/sharp-libvips-linux-s390x': [ '1.2.4' ],
39 silly audit   '@img/sharp-libvips-linux-x64': [ '1.2.4' ],
39 silly audit   '@img/sharp-libvips-linuxmusl-arm64': [ '1.2.4' ],
39 silly audit   '@img/sharp-libvips-linuxmusl-x64': [ '1.2.4' ],
39 silly audit   '@img/sharp-linux-arm': [ '0.34.5' ],
39 silly audit   '@img/sharp-linux-arm64': [ '0.34.5' ],
39 silly audit   '@img/sharp-linux-ppc64': [ '0.34.5' ],
39 silly audit   '@img/sharp-linux-riscv64': [ '0.34.5' ],
39 silly audit   '@img/sharp-linux-s390x': [ '0.34.5' ],
39 silly audit   '@img/sharp-linux-x64': [ '0.34.5' ],
39 silly audit   '@img/sharp-linuxmusl-arm64': [ '0.34.5' ],
39 silly audit   '@img/sharp-linuxmusl-x64': [ '0.34.5' ],
39 silly audit   '@img/sharp-wasm32': [ '0.34.5' ],
39 silly audit   '@img/sharp-win32-arm64': [ '0.34.5' ],
39 silly audit   '@img/sharp-win32-ia32': [ '0.34.5' ],
39 silly audit   '@img/sharp-win32-x64': [ '0.34.5' ],
39 silly audit   '@jridgewell/gen-mapping': [ '0.3.13' ],
39 silly audit   '@jridgewell/remapping': [ '2.3.5' ],
39 silly audit   '@jridgewell/resolve-uri': [ '3.1.2' ],
39 silly audit   '@jridgewell/sourcemap-codec': [ '1.5.5' ],
39 silly audit   '@jridgewell/trace-mapping': [ '0.3.31' ],
39 silly audit   '@napi-rs/wasm-runtime': [ '0.2.12' ],
39 silly audit   '@next/env': [ '16.2.5' ],
39 silly audit   '@next/eslint-plugin-next': [ '16.2.5' ],
39 silly audit   '@next/swc-darwin-arm64': [ '16.2.5' ],
39 silly audit   '@next/swc-darwin-x64': [ '16.2.5' ],
39 silly audit   '@next/swc-linux-arm64-gnu': [ '16.2.5' ],
39 silly audit   '@next/swc-linux-arm64-musl': [ '16.2.5' ],
39 silly audit   '@next/swc-linux-x64-gnu': [ '16.2.5' ],
39 silly audit   '@next/swc-linux-x64-musl': [ '16.2.5' ],
39 silly audit   '@next/swc-win32-arm64-msvc': [ '16.2.5' ],
39 silly audit   '@next/swc-win32-x64-msvc': [ '16.2.5' ],
39 silly audit   '@nodelib/fs.scandir': [ '2.1.5' ],
39 silly audit   '@nodelib/fs.stat': [ '2.0.5' ],
39 silly audit   '@nodelib/fs.walk': [ '1.2.8' ],
39 silly audit   '@nolyfill/is-core-module': [ '1.0.39' ],
39 silly audit   '@rtsao/scc': [ '1.1.0' ],
39 silly audit   '@swc/helpers': [ '0.5.15' ],
39 silly audit   '@tailwindcss/node': [ '4.2.4' ],
39 silly audit   '@tailwindcss/oxide': [ '4.2.4' ],
39 silly audit   '@tailwindcss/oxide-android-arm64': [ '4.2.4' ],
39 silly audit   '@tailwindcss/oxide-darwin-arm64': [ '4.2.4' ],
39 silly audit   '@tailwindcss/oxide-darwin-x64': [ '4.2.4' ],
39 silly audit   '@tailwindcss/oxide-freebsd-x64': [ '4.2.4' ],
39 silly audit   '@tailwindcss/oxide-linux-arm-gnueabihf': [ '4.2.4' ],
39 silly audit   '@tailwindcss/oxide-linux-arm64-gnu': [ '4.2.4' ],
39 silly audit   '@tailwindcss/oxide-linux-arm64-musl': [ '4.2.4' ],
39 silly audit   '@tailwindcss/oxide-linux-x64-gnu': [ '4.2.4' ],
39 silly audit   '@tailwindcss/oxide-linux-x64-musl': [ '4.2.4' ],
39 silly audit   '@tailwindcss/oxide-wasm32-wasi': [ '4.2.4' ],
39 silly audit   '@tailwindcss/oxide-win32-arm64-msvc': [ '4.2.4' ],
39 silly audit   '@tailwindcss/oxide-win32-x64-msvc': [ '4.2.4' ],
39 silly audit   '@tailwindcss/postcss': [ '4.2.4' ],
39 silly audit   '@tweenjs/tween.js': [ '23.1.3' ],
39 silly audit   '@tybys/wasm-util': [ '0.10.2' ],
39 silly audit   '@types/estree': [ '1.0.9' ],
39 silly audit   '@types/json-schema': [ '7.0.15' ],
39 silly audit   '@types/json5': [ '0.0.29' ],
39 silly audit   '@types/node': [ '20.19.39' ],
39 silly audit   '@types/react': [ '19.2.14' ],
39 silly audit   '@types/react-dom': [ '19.2.3' ],
39 silly audit   '@types/stats.js': [ '0.17.4' ],
39 silly audit   '@types/three': [ '0.185.1' ],
39 silly audit   '@types/webxr': [ '0.5.24' ],
39 silly audit   '@typescript-eslint/eslint-plugin': [ '8.59.2' ],
39 silly audit   ignore: [ '7.0.5', '5.3.2' ],
39 silly audit   '@typescript-eslint/parser': [ '8.59.2' ],
39 silly audit   '@typescript-eslint/project-service': [ '8.59.2' ],
39 silly audit   '@typescript-eslint/scope-manager': [ '8.59.2' ],
39 silly audit   '@typescript-eslint/tsconfig-utils': [ '8.59.2' ],
39 silly audit   '@typescript-eslint/type-utils': [ '8.59.2' ],
39 silly audit   '@typescript-eslint/types': [ '8.59.2' ],
39 silly audit   '@typescript-eslint/typescript-estree': [ '8.59.2' ],
39 silly audit   'balanced-match': [ '4.0.4', '1.0.2' ],
39 silly audit   'brace-expansion': [ '5.0.5', '1.1.14' ],
39 silly audit   minimatch: [ '10.2.5', '3.1.5' ],
39 silly audit   semver: [ '7.7.4', '6.3.1' ],
39 silly audit   '@typescript-eslint/utils': [ '8.59.2' ],
39 silly audit   '@typescript-eslint/visitor-keys': [ '8.59.2' ],
39 silly audit   '@unrs/resolver-binding-android-arm-eabi': [ '1.11.1' ],
39 silly audit   '@unrs/resolver-binding-android-arm64': [ '1.11.1' ],
39 silly audit   '@unrs/resolver-binding-darwin-arm64': [ '1.11.1' ],
39 silly audit   '@unrs/resolver-binding-darwin-x64': [ '1.11.1' ],
39 silly audit   '@unrs/resolver-binding-freebsd-x64': [ '1.11.1' ],
39 silly audit   '@unrs/resolver-binding-linux-arm-gnueabihf': [ '1.11.1' ],
39 silly audit   '@unrs/resolver-binding-linux-arm-musleabihf': [ '1.11.1' ],
39 silly audit   '@unrs/resolver-binding-linux-arm64-gnu': [ '1.11.1' ],
39 silly audit   '@unrs/resolver-binding-linux-arm64-musl': [ '1.11.1' ],
39 silly audit   '@unrs/resolver-binding-linux-ppc64-gnu': [ '1.11.1' ],
39 silly audit   '@unrs/resolver-binding-linux-riscv64-gnu': [ '1.11.1' ],
39 silly audit   '@unrs/resolver-binding-linux-riscv64-musl': [ '1.11.1' ],
39 silly audit   '@unrs/resolver-binding-linux-s390x-gnu': [ '1.11.1' ],
39 silly audit   '@unrs/resolver-binding-linux-x64-gnu': [ '1.11.1' ],
39 silly audit   '@unrs/resolver-binding-linux-x64-musl': [ '1.11.1' ],
39 silly audit   '@unrs/resolver-binding-wasm32-wasi': [ '1.11.1' ],
39 silly audit   '@unrs/resolver-binding-win32-arm64-msvc': [ '1.11.1' ],
39 silly audit   '@unrs/resolver-binding-win32-ia32-msvc': [ '1.11.1' ],
39 silly audit   '@unrs/resolver-binding-win32-x64-msvc': [ '1.11.1' ],
39 silly audit   acorn: [ '8.16.0' ],
39 silly audit   'acorn-jsx': [ '5.3.2' ],
39 silly audit   ajv: [ '6.15.0' ],
39 silly audit   'ansi-styles': [ '4.3.0' ],
39 silly audit   argparse: [ '2.0.1' ],
39 silly audit   'aria-query': [ '5.3.2' ],
39 silly audit   'array-buffer-byte-length': [ '1.0.2' ],
39 silly audit   'array-includes': [ '3.1.9' ],
39 silly audit   'array.prototype.findlast': [ '1.2.5' ],
39 silly audit   'array.prototype.findlastindex': [ '1.2.6' ],
39 silly audit   'array.prototype.flat': [ '1.3.3' ],
39 silly audit   'array.prototype.flatmap': [ '1.3.3' ],
39 silly audit   'array.prototype.tosorted': [ '1.1.4' ],
39 silly audit   'arraybuffer.prototype.slice': [ '1.0.4' ],
39 silly audit   'ast-types-flow': [ '0.0.8' ],
39 silly audit   async: [ '0.9.2' ],
39 silly audit   'async-function': [ '1.0.0' ],
39 silly audit   'available-typed-arrays': [ '1.0.7' ],
39 silly audit   'axe-core': [ '4.11.4' ],
39 silly audit   'axobject-query': [ '4.1.0' ],
39 silly audit   'baseline-browser-mapping': [ '2.10.27' ],
39 silly audit   braces: [ '3.0.3' ],
39 silly audit   browserslist: [ '4.28.2' ],
39 silly audit   'call-bind': [ '1.0.9' ],
39 silly audit   'call-bind-apply-helpers': [ '1.0.2' ],
39 silly audit   'call-bound': [ '1.0.4' ],
39 silly audit   callsites: [ '3.1.0' ],
39 silly audit   'caniuse-lite': [ '1.0.30001792' ],
39 silly audit   chalk: [ '4.1.2' ],
39 silly audit   clean: [ '4.0.2' ],
39 silly audit   'client-only': [ '0.0.1' ],
39 silly audit   'color-convert': [ '2.0.1' ],
39 silly audit   'color-name': [ '1.1.4' ],
39 silly audit   'concat-map': [ '0.0.1' ],
39 silly audit   'convert-source-map': [ '2.0.0' ],
39 silly audit   'cross-spawn': [ '7.0.6' ],
39 silly audit   csstype: [ '3.2.3' ],
39 silly audit   'damerau-levenshtein': [ '1.0.8' ],
39 silly audit   'data-view-buffer': [ '1.0.2' ],
39 silly audit   'data-view-byte-length': [ '1.0.2' ],
39 silly audit   'data-view-byte-offset': [ '1.0.1' ],
39 silly audit   debug: [ '4.4.3', '3.2.7' ],
39 silly audit   'deep-is': [ '0.1.4' ],
39 silly audit   'define-data-property': [ '1.1.4' ],
39 silly audit   'define-properties': [ '1.2.1' ],
39 silly audit   'detect-libc': [ '2.1.2' ],
39 silly audit   doctrine: [ '2.1.0' ],
39 silly audit   'dunder-proto': [ '1.0.1' ],
39 silly audit   'electron-to-chromium': [ '1.5.352' ],
39 silly audit   'emoji-regex': [ '9.2.2' ],
39 silly audit   'enhanced-resolve': [ '5.21.0' ],
39 silly audit   'es-abstract': [ '1.24.2' ],
39 silly audit   'es-define-property': [ '1.0.1' ],
39 silly audit   'es-errors': [ '1.3.0' ],
39 silly audit   'es-iterator-helpers': [ '1.3.2' ],
39 silly audit   'es-object-atoms': [ '1.1.1' ],
39 silly audit   'es-set-tostringtag': [ '2.1.0' ],
39 silly audit   'es-shim-unscopables': [ '1.1.0' ],
39 silly audit   'es-to-primitive': [ '1.3.0' ],
39 silly audit   escalade: [ '3.2.0' ],
39 silly audit   'escape-string-regexp': [ '4.0.0' ],
39 silly audit   eslint: [ '9.39.4' ],
39 silly audit   'eslint-config-next': [ '16.2.5' ],
39 silly audit   globals: [ '16.4.0', '14.0.0' ],
39 silly audit   'eslint-import-resolver-node': [ '0.3.10' ],
39 silly audit   'eslint-import-resolver-typescript': [ '3.10.1' ],
39 silly audit   'eslint-module-utils': [ '2.12.1' ],
39 silly audit   'eslint-plugin-import': [ '2.32.0' ],
39 silly audit   'eslint-plugin-jsx-a11y': [ '6.10.2' ],
39 silly audit   'eslint-plugin-react': [ '7.37.5' ],
39 silly audit   'eslint-plugin-react-hooks': [ '7.1.1' ],
39 silly audit   'eslint-scope': [ '8.4.0' ],
39 silly audit   espree: [ '10.4.0' ],
39 silly audit   esquery: [ '1.7.0' ],
39 silly audit   esrecurse: [ '4.3.0' ],
39 silly audit   estraverse: [ '5.3.0' ],
39 silly audit   esutils: [ '2.0.3' ],
39 silly audit   'fast-deep-equal': [ '3.1.3' ],
39 silly audit   'fast-glob': [ '3.3.1' ],
39 silly audit   'glob-parent': [ '5.1.2', '6.0.2' ],
39 silly audit   'fast-json-stable-stringify': [ '2.1.0' ],
39 silly audit   'fast-levenshtein': [ '2.0.6' ],
39 silly audit   fastq: [ '1.20.1' ],
39 silly audit   fflate: [ '0.8.3' ],
39 silly audit   'file-entry-cache': [ '8.0.0' ],
39 silly audit   'fill-range': [ '7.1.1' ],
39 silly audit   'find-up': [ '5.0.0' ],
39 silly audit   'flat-cache': [ '4.0.1' ],
39 silly audit   flatted: [ '3.4.2' ],
39 silly audit   'for-each': [ '0.3.5' ],
39 silly audit   fsevents: [ '2.3.2' ],
39 silly audit   'function-bind': [ '1.1.2' ],
39 silly audit   'function.prototype.name': [ '1.1.8' ],
39 silly audit   'functions-have-names': [ '1.2.3' ],
39 silly audit   'generator-function': [ '2.0.1' ],
39 silly audit   gensync: [ '1.0.0-beta.2' ],
39 silly audit   'get-intrinsic': [ '1.3.0' ],
39 silly audit   'get-proto': [ '1.0.1' ],
39 silly audit   'get-symbol-description': [ '1.1.0' ],
39 silly audit   'get-tsconfig': [ '4.14.0' ],
39 silly audit   globalthis: [ '1.0.4' ],
39 silly audit   gopd: [ '1.2.0' ],
39 silly audit   'graceful-fs': [ '4.2.11' ],
39 silly audit   gsap: [ '3.15.0' ],
39 silly audit   'has-bigints': [ '1.1.0' ],
39 silly audit   'has-flag': [ '4.0.0' ],
39 silly audit   'has-property-descriptors': [ '1.0.2' ],
39 silly audit   'has-proto': [ '1.2.0' ],
39 silly audit   'has-symbols': [ '1.1.0' ],
39 silly audit   'has-tostringtag': [ '1.0.2' ],
39 silly audit   hasown: [ '2.0.3' ],
39 silly audit   'hermes-estree': [ '0.25.1' ],
39 silly audit   'hermes-parser': [ '0.25.1' ],
39 silly audit   'import-fresh': [ '3.3.1' ],
39 silly audit   imurmurhash: [ '0.1.4' ],
39 silly audit   'internal-slot': [ '1.1.0' ],
39 silly audit   'is-array-buffer': [ '3.0.5' ],
39 silly audit   'is-async-function': [ '2.1.1' ],
39 silly audit   'is-bigint': [ '1.1.0' ],
39 silly audit   'is-boolean-object': [ '1.2.2' ],
39 silly audit   'is-bun-module': [ '2.0.0' ],
39 silly audit   'is-callable': [ '1.2.7' ],
39 silly audit   'is-core-module': [ '2.16.2' ],
39 silly audit   'is-data-view': [ '1.0.2' ],
39 silly audit   'is-date-object': [ '1.1.0' ],
39 silly audit   'is-extglob': [ '2.1.1' ],
39 silly audit   'is-finalizationregistry': [ '1.1.1' ],
39 silly audit   'is-generator-function': [ '1.1.2' ],
39 silly audit   'is-glob': [ '4.0.3' ],
39 silly audit   'is-map': [ '2.0.3' ],
39 silly audit   'is-negative-zero': [ '2.0.3' ],
39 silly audit   'is-number': [ '7.0.0' ],
39 silly audit   'is-number-object': [ '1.1.1' ],
39 silly audit   'is-regex': [ '1.2.1' ],
39 silly audit   'is-set': [ '2.0.3' ],
39 silly audit   'is-shared-array-buffer': [ '1.0.4' ],
39 silly audit   'is-string': [ '1.1.1' ],
39 silly audit   'is-symbol': [ '1.1.1' ],
39 silly audit   'is-typed-array': [ '1.1.15' ],
39 silly audit   'is-weakmap': [ '2.0.2' ],
39 silly audit   'is-weakref': [ '1.1.1' ],
39 silly audit   'is-weakset': [ '2.0.4' ],
39 silly audit   isarray: [ '2.0.5' ],
39 silly audit   isexe: [ '2.0.0' ],
39 silly audit   'iterator.prototype': [ '1.1.5' ],
39 silly audit   jiti: [ '2.7.0' ],
39 silly audit   'js-tokens': [ '4.0.0' ],
39 silly audit   'js-yaml': [ '4.1.1' ],
39 silly audit   jsesc: [ '3.1.0' ],
39 silly audit   'json-buffer': [ '3.0.1' ],
39 silly audit   'json-schema-traverse': [ '0.4.1' ],
39 silly audit   'json-stable-stringify-without-jsonify': [ '1.0.1' ],
39 silly audit   json5: [ '2.2.3', '1.0.2' ],
39 silly audit   'jsx-ast-utils': [ '3.3.5' ],
39 silly audit   keyv: [ '4.5.4' ],
39 silly audit   'language-subtag-registry': [ '0.3.23' ],
39 silly audit   'language-tags': [ '1.0.9' ],
39 silly audit   lenis: [ '1.3.25' ],
39 silly audit   levn: [ '0.4.1' ],
39 silly audit   lightningcss: [ '1.32.0' ],
39 silly audit   'lightningcss-android-arm64': [ '1.32.0' ],
39 silly audit   'lightningcss-darwin-arm64': [ '1.32.0' ],
39 silly audit   'lightningcss-darwin-x64': [ '1.32.0' ],
39 silly audit   'lightningcss-freebsd-x64': [ '1.32.0' ],
39 silly audit   'lightningcss-linux-arm-gnueabihf': [ '1.32.0' ],
39 silly audit   'lightningcss-linux-arm64-gnu': [ '1.32.0' ],
39 silly audit   'lightningcss-linux-arm64-musl': [ '1.32.0' ],
39 silly audit   'lightningcss-linux-x64-gnu': [ '1.32.0' ],
39 silly audit   'lightningcss-linux-x64-musl': [ '1.32.0' ],
39 silly audit   'lightningcss-win32-arm64-msvc': [ '1.32.0' ],
39 silly audit   'lightningcss-win32-x64-msvc': [ '1.32.0' ],
39 silly audit   'locate-path': [ '6.0.0' ],
39 silly audit   'lodash.merge': [ '4.6.2' ],
39 silly audit   'loose-envify': [ '1.4.0' ],
39 silly audit   'lru-cache': [ '5.1.1' ],
39 silly audit   'magic-string': [ '0.30.21' ],
39 silly audit   'make-array': [ '0.1.2' ],
39 silly audit   'math-intrinsics': [ '1.1.0' ],
39 silly audit   'matter-js': [ '0.20.0' ],
39 silly audit   merge2: [ '1.4.1' ],
39 silly audit   meshoptimizer: [ '1.1.1' ],
39 silly audit   micromatch: [ '4.0.8' ],
39 silly audit   minimist: [ '1.2.8' ],
39 silly audit   mix2: [ '1.0.5' ],
39 silly audit   ms: [ '2.1.3' ],
39 silly audit   nanoid: [ '3.3.12' ],
39 silly audit   'napi-postinstall': [ '0.3.4' ],
39 silly audit   'natural-compare': [ '1.4.0' ],
39 silly audit   next: [ '16.2.5' ],
39 silly audit   'next-view-transitions': [ '0.3.5' ],
39 silly audit   postcss: [ '8.4.31', '8.5.14' ],
39 silly audit   'node-exports-info': [ '1.6.0' ],
39 silly audit   'node-releases': [ '2.0.38' ],
39 silly audit   'object-assign': [ '4.1.1' ],
39 silly audit   'object-inspect': [ '1.13.4' ],
39 silly audit   'object-keys': [ '1.1.1' ],
39 silly audit   'object.assign': [ '4.1.7' ],
39 silly audit   'object.entries': [ '1.1.9' ],
39 silly audit   'object.fromentries': [ '2.0.8' ],
39 silly audit   'object.groupby': [ '1.0.3' ],
39 silly audit   'object.values': [ '1.2.1' ],
39 silly audit   optionator: [ '0.9.4' ],
39 silly audit   'own-keys': [ '1.0.1' ],
39 silly audit   'p-limit': [ '3.1.0' ],
39 silly audit   'p-locate': [ '5.0.0' ],
39 silly audit   'parent-module': [ '1.0.1' ],
39 silly audit   'path-exists': [ '4.0.0' ],
39 silly audit   'path-key': [ '3.1.1' ],
39 silly audit   'path-parse': [ '1.0.7' ],
39 silly audit   picocolors: [ '1.1.1' ],
39 silly audit   picomatch: [ '2.3.2', '4.0.4' ],
39 silly audit   playwright: [ '1.61.1' ],
39 silly audit   'playwright-core': [ '1.61.1' ],
39 silly audit   'possible-typed-array-names': [ '1.1.0' ],
39 silly audit   'prelude-ls': [ '1.2.1' ],
39 silly audit   'prop-types': [ '15.8.1' ],
39 silly audit   punycode: [ '2.3.1' ],
39 silly audit   'queue-microtask': [ '1.2.3' ],
39 silly audit   react: [ '19.2.4' ],
39 silly audit   'react-dom': [ '19.2.4' ],
39 silly audit   'react-is': [ '16.13.1' ],
39 silly audit   'reflect.getprototypeof': [ '1.0.10' ],
39 silly audit   'regexp.prototype.flags': [ '1.5.4' ],
39 silly audit   resolve: [ '2.0.0-next.6' ],
39 silly audit   'resolve-from': [ '4.0.0' ],
39 silly audit   'resolve-pkg-maps': [ '1.0.0' ],
39 silly audit   reusify: [ '1.1.0' ],
39 silly audit   'run-parallel': [ '1.2.0' ],
39 silly audit   'safe-array-concat': [ '1.1.4' ],
39 silly audit   'safe-push-apply': [ '1.0.0' ],
39 silly audit   'safe-regex-test': [ '1.1.0' ],
39 silly audit   scheduler: [ '0.27.0' ],
39 silly audit   'set-function-length': [ '1.2.2' ],
39 silly audit   'set-function-name': [ '2.0.2' ],
39 silly audit   'set-proto': [ '1.0.0' ],
39 silly audit   sharp: [ '0.34.5' ],
39 silly audit   'shebang-command': [ '2.0.0' ],
39 silly audit   'shebang-regex': [ '3.0.0' ],
39 silly audit   'side-channel': [ '1.1.0' ],
39 silly audit   'side-channel-list': [ '1.0.1' ],
39 silly audit   'side-channel-map': [ '1.0.1' ],
39 silly audit   'side-channel-weakmap': [ '1.0.2' ],
39 silly audit   skema: [ '1.0.2' ],
39 silly audit   'source-map-js': [ '1.2.1' ],
39 silly audit   'split-type': [ '0.3.4' ],
39 silly audit   'stable-hash': [ '0.0.5' ],
39 silly audit   'stop-iteration-iterator': [ '1.1.0' ],
39 silly audit   'string.prototype.includes': [ '2.0.1' ],
39 silly audit   'string.prototype.matchall': [ '4.0.12' ],
39 silly audit   'string.prototype.repeat': [ '1.0.0' ],
39 silly audit   'string.prototype.trim': [ '1.2.10' ],
39 silly audit   'string.prototype.trimend': [ '1.0.9' ],
39 silly audit   'string.prototype.trimstart': [ '1.0.8' ],
39 silly audit   'strip-bom': [ '3.0.0' ],
39 silly audit   'strip-json-comments': [ '3.1.1' ],
39 silly audit   'styled-jsx': [ '5.1.6' ],
39 silly audit   'supports-color': [ '7.2.0' ],
39 silly audit   'supports-preserve-symlinks-flag': [ '1.0.0' ],
39 silly audit   swiper: [ '12.2.0' ],
39 silly audit   tailwindcss: [ '4.2.4' ],
39 silly audit   tapable: [ '2.3.3' ],
39 silly audit   three: [ '0.185.1' ],
39 silly audit   tinyglobby: [ '0.2.16' ],
39 silly audit   fdir: [ '6.5.0' ],
39 silly audit   'to-regex-range': [ '5.0.1' ],
39 silly audit   'ts-api-utils': [ '2.5.0' ],
39 silly audit   'tsconfig-paths': [ '3.15.0' ],
39 silly audit   tslib: [ '2.8.1' ],
39 silly audit   'type-check': [ '0.4.0' ],
39 silly audit   'typed-array-buffer': [ '1.0.3' ],
39 silly audit   'typed-array-byte-length': [ '1.0.3' ],
39 silly audit   'typed-array-byte-offset': [ '1.0.4' ],
39 silly audit   'typed-array-length': [ '1.0.7' ],
39 silly audit   typescript: [ '5.9.3' ],
39 silly audit   'typescript-eslint': [ '8.59.2' ],
39 silly audit   'unbox-primitive': [ '1.1.0' ],
39 silly audit   'undici-types': [ '6.21.0' ],
39 silly audit   'unrs-resolver': [ '1.11.1' ],
39 silly audit   'update-browserslist-db': [ '1.2.3' ],
39 silly audit   'uri-js': [ '4.4.1' ],
39 silly audit   which: [ '2.0.2' ],
39 silly audit   'which-boxed-primitive': [ '1.1.1' ],
39 silly audit   'which-builtin-type': [ '1.2.1' ],
39 silly audit   'which-collection': [ '1.0.2' ],
39 silly audit   'which-typed-array': [ '1.1.20' ],
39 silly audit   'word-wrap': [ '1.2.5' ],
39 silly audit   yallist: [ '3.1.1' ],
39 silly audit   'yocto-queue': [ '0.1.0' ],
39 silly audit   zod: [ '4.4.3' ],
39 silly audit   'zod-validation-error': [ '4.0.2' ]
39 silly audit }
40 http cache @types/react-dom@https://registry.npmjs.org/@types/react-dom/-/react-dom-19.2.3.tgz 0ms (cache hit)
41 http cache @gsap/react@https://registry.npmjs.org/@gsap/react/-/react-2.1.2.tgz 0ms (cache hit)
42 http cache @types/node@https://registry.npmjs.org/@types/node/-/node-20.19.39.tgz 0ms (cache hit)
43 http cache @types/three@https://registry.npmjs.org/@types/three/-/three-0.185.1.tgz 0ms (cache hit)
44 http cache @types/react@https://registry.npmjs.org/@types/react/-/react-19.2.14.tgz 0ms (cache hit)
45 http cache split-type@https://registry.npmjs.org/split-type/-/split-type-0.3.4.tgz 0ms (cache hit)
46 http cache @tailwindcss/postcss@https://registry.npmjs.org/@tailwindcss/postcss/-/postcss-4.2.4.tgz 0ms (cache hit)
47 http cache react@https://registry.npmjs.org/react/-/react-19.2.4.tgz 0ms (cache hit)
48 http cache three@https://registry.npmjs.org/three/-/three-0.185.1.tgz 0ms (cache hit)
49 http cache playwright@https://registry.npmjs.org/playwright/-/playwright-1.61.1.tgz 0ms (cache hit)
50 http cache swiper@https://registry.npmjs.org/swiper/-/swiper-12.2.0.tgz 0ms (cache hit)
51 http cache eslint-config-next@https://registry.npmjs.org/eslint-config-next/-/eslint-config-next-16.2.5.tgz 0ms (cache hit)
52 http cache react-dom@https://registry.npmjs.org/react-dom/-/react-dom-19.2.4.tgz 0ms (cache hit)
53 http cache typescript@https://registry.npmjs.org/typescript/-/typescript-5.9.3.tgz 0ms (cache hit)
54 http cache lenis@https://registry.npmjs.org/lenis/-/lenis-1.3.25.tgz 0ms (cache hit)
55 http cache next-view-transitions@https://registry.npmjs.org/next-view-transitions/-/next-view-transitions-0.3.5.tgz 0ms (cache hit)
56 http cache tailwindcss@https://registry.npmjs.org/tailwindcss/-/tailwindcss-4.2.4.tgz 0ms (cache hit)
57 http cache matter-js@https://registry.npmjs.org/matter-js/-/matter-js-0.20.0.tgz 0ms (cache hit)
58 http cache clean@https://registry.npmjs.org/clean/-/clean-4.0.2.tgz 0ms (cache hit)
59 http cache gsap@https://registry.npmjs.org/gsap/-/gsap-3.15.0.tgz 0ms (cache hit)
60 http cache next@https://registry.npmjs.org/next/-/next-16.2.5.tgz 0ms (cache hit)
61 http cache globals@https://registry.npmjs.org/globals/-/globals-16.4.0.tgz 0ms (cache hit)
62 http cache eslint@https://registry.npmjs.org/eslint/-/eslint-9.39.4.tgz 0ms (cache hit)
63 http cache postcss@https://registry.npmjs.org/postcss/-/postcss-8.4.31.tgz 0ms (cache hit)
64 silly tarball no local data for @types/react-dom@https://registry.npmjs.org/@types/react-dom/-/react-dom-19.2.3.tgz. Extracting by manifest.
65 silly tarball no local data for @gsap/react@https://registry.npmjs.org/@gsap/react/-/react-2.1.2.tgz. Extracting by manifest.
66 silly tarball no local data for @types/node@https://registry.npmjs.org/@types/node/-/node-20.19.39.tgz. Extracting by manifest.
67 silly tarball no local data for @types/three@https://registry.npmjs.org/@types/three/-/three-0.185.1.tgz. Extracting by manifest.
68 silly tarball no local data for @types/react@https://registry.npmjs.org/@types/react/-/react-19.2.14.tgz. Extracting by manifest.
69 silly tarball no local data for split-type@https://registry.npmjs.org/split-type/-/split-type-0.3.4.tgz. Extracting by manifest.
70 silly tarball no local data for @tailwindcss/postcss@https://registry.npmjs.org/@tailwindcss/postcss/-/postcss-4.2.4.tgz. Extracting by manifest.
71 silly tarball no local data for react@https://registry.npmjs.org/react/-/react-19.2.4.tgz. Extracting by manifest.
72 silly tarball no local data for three@https://registry.npmjs.org/three/-/three-0.185.1.tgz. Extracting by manifest.
73 silly tarball no local data for playwright@https://registry.npmjs.org/playwright/-/playwright-1.61.1.tgz. Extracting by manifest.
74 silly tarball no local data for swiper@https://registry.npmjs.org/swiper/-/swiper-12.2.0.tgz. Extracting by manifest.
75 silly tarball no local data for eslint-config-next@https://registry.npmjs.org/eslint-config-next/-/eslint-config-next-16.2.5.tgz. Extracting by manifest.
76 silly tarball no local data for react-dom@https://registry.npmjs.org/react-dom/-/react-dom-19.2.4.tgz. Extracting by manifest.
77 silly tarball no local data for typescript@https://registry.npmjs.org/typescript/-/typescript-5.9.3.tgz. Extracting by manifest.
78 silly tarball no local data for lenis@https://registry.npmjs.org/lenis/-/lenis-1.3.25.tgz. Extracting by manifest.
79 silly tarball no local data for next-view-transitions@https://registry.npmjs.org/next-view-transitions/-/next-view-transitions-0.3.5.tgz. Extracting by manifest.
80 silly tarball no local data for tailwindcss@https://registry.npmjs.org/tailwindcss/-/tailwindcss-4.2.4.tgz. Extracting by manifest.
81 silly tarball no local data for matter-js@https://registry.npmjs.org/matter-js/-/matter-js-0.20.0.tgz. Extracting by manifest.
82 silly tarball no local data for clean@https://registry.npmjs.org/clean/-/clean-4.0.2.tgz. Extracting by manifest.
83 silly tarball no local data for gsap@https://registry.npmjs.org/gsap/-/gsap-3.15.0.tgz. Extracting by manifest.
84 silly tarball no local data for next@https://registry.npmjs.org/next/-/next-16.2.5.tgz. Extracting by manifest.
85 silly tarball no local data for globals@https://registry.npmjs.org/globals/-/globals-16.4.0.tgz. Extracting by manifest.
86 silly tarball no local data for eslint@https://registry.npmjs.org/eslint/-/eslint-9.39.4.tgz. Extracting by manifest.
87 silly tarball no local data for postcss@https://registry.npmjs.org/postcss/-/postcss-8.4.31.tgz. Extracting by manifest.
88 http fetch GET 200 https://registry.npmjs.org/react/-/react-19.2.4.tgz 259ms (cache miss)
89 http fetch GET 200 https://registry.npmjs.org/split-type/-/split-type-0.3.4.tgz 288ms (cache miss)
90 http fetch GET 200 https://registry.npmjs.org/lenis/-/lenis-1.3.25.tgz 328ms (cache miss)
91 http fetch POST 200 https://registry.npmjs.org/-/npm/v1/security/advisories/bulk 393ms
92 silly audit report {
92 silly audit report   '@babel/core': [
92 silly audit report     {
92 silly audit report       id: 1123528,
92 silly audit report       url: 'https://github.com/advisories/GHSA-4x5r-pxfx-6jf8',
92 silly audit report       title: '@babel/core: Arbitrary File Read via sourceMappingURL Comment',
92 silly audit report       severity: 'low',
92 silly audit report       vulnerable_versions: '<=7.29.0',
92 silly audit report       cwe: [Array],
92 silly audit report       cvss: [Object]
92 silly audit report     }
92 silly audit report   ],
92 silly audit report   'brace-expansion': [
92 silly audit report     {
92 silly audit report       id: 1120311,
92 silly audit report       url: 'https://github.com/advisories/GHSA-jxxr-4gwj-5jf2',
92 silly audit report       title: 'brace-expansion: Large numeric range defeats documented `max` DoS protection',
92 silly audit report       severity: 'moderate',
92 silly audit report       vulnerable_versions: '>=5.0.0 <5.0.6',
92 silly audit report       cwe: [Array],
92 silly audit report       cvss: [Object]
92 silly audit report     },
92 silly audit report     {
92 silly audit report       id: 1123897,
92 silly audit report       url: 'https://github.com/advisories/GHSA-3jxr-9vmj-r5cp',
92 silly audit report       title: 'brace-expansion: DoS via exponential-time expansion of consecutive non-expanding {} groups',
92 silly audit report       severity: 'high',
92 silly audit report       vulnerable_versions: '<1.1.16',
92 silly audit report       cwe: [Array],
92 silly audit report       cvss: [Object]
92 silly audit report     },
92 silly audit report     {
92 silly audit report       id: 1123898,
92 silly audit report       url: 'https://github.com/advisories/GHSA-3jxr-9vmj-r5cp',
92 silly audit report       title: 'brace-expansion: DoS via exponential-time expansion of consecutive non-expanding {} groups',
92 silly audit report       severity: 'high',
92 silly audit report       vulnerable_versions: '>=3.0.0 <5.0.7',
92 silly audit report       cwe: [Array],
92 silly audit report       cvss: [Object]
92 silly audit report     },
92 silly audit report     {
92 silly audit report       id: 1124334,
92 silly audit report       url: 'https://github.com/advisories/GHSA-mh99-v99m-4gvg',
92 silly audit report       title: 'brace-expansion: DoS via unbounded expansion length causing an out-of-memory process crash',
92 silly audit report       severity: 'high',
92 silly audit report       vulnerable_versions: '<=5.0.7',
92 silly audit report       cwe: [Array],
92 silly audit report       cvss: [Object]
92 silly audit report     }
92 silly audit report   ],
92 silly audit report   'js-yaml': [
92 silly audit report     {
92 silly audit report       id: 1121860,
92 silly audit report       url: 'https://github.com/advisories/GHSA-h67p-54hq-rp68',
92 silly audit report       title: 'JS-YAML: Quadratic-complexity DoS in merge key handling via repeated aliases',
92 silly audit report       severity: 'moderate',
92 silly audit report       vulnerable_versions: '>=4.0.0 <=4.1.1',
92 silly audit report       cwe: [Array],
92 silly audit report       cvss: [Object]
92 silly audit report     },
92 silly audit report     {
92 silly audit report       id: 1123911,
92 silly audit report       url: 'https://github.com/advisories/GHSA-52cp-r559-cp3m',
92 silly audit report       title: 'js-yaml: YAML merge-key chains can force quadratic CPU consumption',
92 silly audit report       severity: 'high',
92 silly audit report       vulnerable_versions: '>=4.0.0 <4.3.0',
92 silly audit report       cwe: [Array],
92 silly audit report       cvss: [Object]
92 silly audit report     }
92 silly audit report   ],
92 silly audit report   next: [
92 silly audit report     {
92 silly audit report       id: 1118938,
92 silly audit report       url: 'https://github.com/advisories/GHSA-26hh-7cqf-hhc6',
92 silly audit report       title: 'Next.js has a Middleware / Proxy bypass in App Router applications via segment-prefetch routes - Incomplete Fix Follow-Up',
92 silly audit report       severity: 'high',
92 silly audit report       vulnerable_versions: '>=16.0.0 <16.2.6',
92 silly audit report       cwe: [Array],
92 silly audit report       cvss: [Object]
92 silly audit report     },
92 silly audit report     {
92 silly audit report       id: 1124184,
92 silly audit report       url: 'https://github.com/advisories/GHSA-89xv-2m56-2m9x',
92 silly audit report       title: 'Next.js: Server-Side Request Forgery in Server Actions on custom servers',
92 silly audit report       severity: 'high',
92 silly audit report       vulnerable_versions: '>=16.0.0 <16.2.11',
92 silly audit report       cwe: [Array],
92 silly audit report       cvss: [Object]
92 silly audit report     },
92 silly audit report     {
92 silly audit report       id: 1124186,
92 silly audit report       url: 'https://github.com/advisories/GHSA-68g3-v927-f742',
92 silly audit report       title: 'Next.js: Cache confusion of response bodies for requests with bodies',
92 silly audit report       severity: 'moderate',
92 silly audit report       vulnerable_versions: '>=16.0.0 <16.2.11',
92 silly audit report       cwe: [Array],
92 silly audit report       cvss: [Object]
92 silly audit report     },
92 silly audit report     {
92 silly audit report       id: 1124170,
92 silly audit report       url: 'https://github.com/advisories/GHSA-6gpp-xcg3-4w24',
92 silly audit report       title: 'Next.js: Middleware / Proxy bypass in App Router applications using Turbopack and single locale',
92 silly audit report       severity: 'high',
92 silly audit report       vulnerable_versions: '>=16.0.0 <16.2.11',
92 silly audit report       cwe: [Array],
92 silly audit report       cvss: [Object]
92 silly audit report     },
92 silly audit report     {
92 silly audit report       id: 1124171,
92 silly audit report       url: 'https://github.com/advisories/GHSA-m99w-x7hq-7vfj',
92 silly audit report       title: 'Next.js: Denial of Service in App Router using Server Actions',
92 silly audit report       severity: 'high',
92 silly audit report       vulnerable_versions: '>=16.0.0 <16.2.11',
92 silly audit report       cwe: [Array],
92 silly audit report       cvss: [Object]
92 silly audit report     },
92 silly audit report     {
92 silly audit report       id: 1124188,
92 silly audit report       url: 'https://github.com/advisories/GHSA-4633-3j49-mh5q',
92 silly audit report       title: 'Next.js: Cache confusion of response bodies for requests with bodies containing invalid UTF-8 byte sequences',
92 silly audit report       severity: 'moderate',
92 silly audit report       vulnerable_versions: '>=16.0.0 <16.2.11',
92 silly audit report       cwe: [Array],
92 silly audit report       cvss: [Object]
92 silly audit report     },
92 silly audit report     {
92 silly audit report       id: 1124190,
92 silly audit report       url: 'https://github.com/advisories/GHSA-4c39-4ccg-62r3',
92 silly audit report       title: 'Next.js: Unbounded Server Action payload in Edge runtime',
92 silly audit report       severity: 'moderate',
92 silly audit report       vulnerable_versions: '>=16.0.0 <16.2.11',
92 silly audit report       cwe: [Array],
92 silly audit report       cvss: [Object]
92 silly audit report     },
92 silly audit report     {
92 silly audit report       id: 1124192,
92 silly audit report       url: 'https://github.com/advisories/GHSA-p9j2-gv94-2wf4',
92 silly audit report       title: 'Next.js: Server-Side Request Forgery in rewrites via attacker-controlled destination hostname',
92 silly audit report       severity: 'high',
92 silly audit report       vulnerable_versions: '>=16.0.0 <16.2.11',
92 silly audit report       cwe: [Array],
92 silly audit report       cvss: [Object]
92 silly audit report     },
92 silly audit report     {
92 silly audit report       id: 1124194,
92 silly audit report       url: 'https://github.com/advisories/GHSA-q8wf-6r8g-63ch',
92 silly audit report       title: 'Next.js: Denial of Service in the Image Optimization API using SVGs',
92 silly audit report       severity: 'moderate',
92 silly audit report       vulnerable_versions: '>=16.0.0 <16.2.11',
92 silly audit report       cwe: [Array],
92 silly audit report       cvss: [Object]
92 silly audit report     },
92 silly audit report     {
92 silly audit report       id: 1124196,
92 silly audit report       url: 'https://github.com/advisories/GHSA-955p-x3mx-jcvp',
92 silly audit report       title: 'Next.js: Unauthenticated disclosure of internal Server Function endpoints',
92 silly audit report       severity: 'moderate',
92 silly audit report       vulnerable_versions: '>=16.0.0 <16.2.11',
92 silly audit report       cwe: [Array],
92 silly audit report       cvss: [Object]
92 silly audit report     }
92 silly audit report   ],
92 silly audit report   postcss: [
92 silly audit report     {
92 silly audit report       id: 1117015,
92 silly audit report       url: 'https://github.com/advisories/GHSA-qx2v-qp2m-jg93',
92 silly audit report       title: 'PostCSS has XSS via Unescaped </style> in its CSS Stringify Output',
92 silly audit report       severity: 'moderate',
92 silly audit report       vulnerable_versions: '<8.5.10',
92 silly audit report       cwe: [Array],
92 silly audit report       cvss: [Object]
92 silly audit report     },
92 silly audit report     {
92 silly audit report       id: 1124252,
92 silly audit report       url: 'https://github.com/advisories/GHSA-6g55-p6wh-862q',
92 silly audit report       title: 'PostCSS: Arbitrary file read and information disclosure via attacker-controlled sourceMappingURL in CSS comments',
92 silly audit report       severity: 'high',
92 silly audit report       vulnerable_versions: '<=8.5.11',
92 silly audit report       cwe: [Array],
92 silly audit report       cvss: [Object]
92 silly audit report     },
92 silly audit report     {
92 silly audit report       id: 1124288,
92 silly audit report       url: 'https://github.com/advisories/GHSA-r28c-9q8g-f849',
92 silly audit report       title: 'PostCSS: Path Traversal in Previous Source Map Auto-Loading (sourceMappingURL) leads to Arbitrary .map File Disclosure',
92 silly audit report       severity: 'high',
92 silly audit report       vulnerable_versions: '<=8.5.17',
92 silly audit report       cwe: [Array],
92 silly audit report       cvss: [Object]
92 silly audit report     }
92 silly audit report   ],
92 silly audit report   sharp: [
92 silly audit report     {
92 silly audit report       id: 1124066,
92 silly audit report       url: 'https://github.com/advisories/GHSA-f88m-g3jw-g9cj',
92 silly audit report       title: 'sharp inherited vulnerabilities in libvips: CVE-2026-33327, CVE-2026-33328, CVE-2026-35590, CVE-2026-35591',
92 silly audit report       severity: 'high',
92 silly audit report       vulnerable_versions: '<0.35.0',
92 silly audit report       cwe: [Array],
92 silly audit report       cvss: [Object]
92 silly audit report     }
92 silly audit report   ]
92 silly audit report }
93 silly packumentCache corgi:https://registry.npmjs.org/@babel%2fcore cache-miss
94 silly packumentCache corgi:https://registry.npmjs.org/brace-expansion cache-miss
95 silly packumentCache corgi:https://registry.npmjs.org/js-yaml cache-miss
96 silly packumentCache corgi:https://registry.npmjs.org/next cache-miss
97 silly packumentCache corgi:https://registry.npmjs.org/postcss cache-miss
98 silly packumentCache corgi:https://registry.npmjs.org/sharp cache-miss
99 http fetch GET 200 https://registry.npmjs.org/tailwindcss/-/tailwindcss-4.2.4.tgz 497ms (cache miss)
100 http fetch GET 200 https://registry.npmjs.org/@types/react-dom/-/react-dom-19.2.3.tgz 512ms (cache miss)
101 http fetch GET 200 https://registry.npmjs.org/eslint-config-next/-/eslint-config-next-16.2.5.tgz 516ms (cache miss)
102 http fetch GET 200 https://registry.npmjs.org/next-view-transitions/-/next-view-transitions-0.3.5.tgz 538ms (cache miss)
103 http fetch GET 200 https://registry.npmjs.org/@types/react/-/react-19.2.14.tgz 648ms (cache miss)
104 http fetch GET 200 https://registry.npmjs.org/playwright/-/playwright-1.61.1.tgz 658ms (cache miss)
105 http fetch GET 200 https://registry.npmjs.org/@gsap/react/-/react-2.1.2.tgz 675ms (cache miss)
106 http fetch GET 200 https://registry.npmjs.org/globals/-/globals-16.4.0.tgz 695ms (cache miss)
107 http fetch GET 200 https://registry.npmjs.org/@tailwindcss/postcss/-/postcss-4.2.4.tgz 950ms (cache miss)
108 http fetch GET 200 https://registry.npmjs.org/@babel%2fcore 712ms (cache miss)
109 silly packumentCache corgi:https://registry.npmjs.org/@babel%2fcore set size:undefined disposed:false
110 http fetch GET 200 https://registry.npmjs.org/@types/node/-/node-20.19.39.tgz 1131ms (cache miss)
111 http fetch GET 200 https://registry.npmjs.org/sharp 770ms (cache miss)
112 silly packumentCache corgi:https://registry.npmjs.org/sharp set size:undefined disposed:false
113 http fetch GET 200 https://registry.npmjs.org/js-yaml 836ms (cache miss)
114 silly packumentCache corgi:https://registry.npmjs.org/js-yaml set size:undefined disposed:false
115 http fetch GET 200 https://registry.npmjs.org/matter-js/-/matter-js-0.20.0.tgz 1321ms (cache miss)
116 http fetch GET 200 https://registry.npmjs.org/postcss 1055ms (cache miss)
117 silly packumentCache corgi:https://registry.npmjs.org/postcss set size:undefined disposed:false
118 http fetch GET 200 https://registry.npmjs.org/clean/-/clean-4.0.2.tgz 1529ms (cache miss)
119 http fetch GET 200 https://registry.npmjs.org/brace-expansion 1182ms (cache miss)
120 silly packumentCache corgi:https://registry.npmjs.org/brace-expansion set size:undefined disposed:false
121 http fetch GET 200 https://registry.npmjs.org/postcss/-/postcss-8.4.31.tgz 1651ms (cache miss)
122 http fetch GET 200 https://registry.npmjs.org/react-dom/-/react-dom-19.2.4.tgz 1827ms (cache miss)
123 http fetch GET 200 https://registry.npmjs.org/gsap/-/gsap-3.15.0.tgz 1984ms (cache miss)
124 http fetch GET 200 https://registry.npmjs.org/swiper/-/swiper-12.2.0.tgz 2204ms (cache miss)
125 http fetch GET 200 https://registry.npmjs.org/next 2015ms (cache miss)
126 silly packumentCache corgi:https://registry.npmjs.org/next set size:undefined disposed:false
127 silly packumentCache corgi:https://registry.npmjs.org/@babel%2fhelper-module-transforms cache-miss
128 silly packumentCache corgi:https://registry.npmjs.org/eslint-plugin-react-hooks cache-miss
129 http fetch GET 200 https://registry.npmjs.org/typescript/-/typescript-5.9.3.tgz 3835ms (cache miss)
130 http fetch GET 200 https://registry.npmjs.org/@babel%2fhelper-module-transforms 66ms (cache miss)
131 silly packumentCache corgi:https://registry.npmjs.org/@babel%2fhelper-module-transforms set size:undefined disposed:false
132 http fetch GET 200 https://registry.npmjs.org/eslint-plugin-react-hooks 387ms (cache miss)
133 silly packumentCache corgi:https://registry.npmjs.org/eslint-plugin-react-hooks set size:undefined disposed:false
134 silly packumentCache corgi:https://registry.npmjs.org/minimatch cache-miss
135 http fetch GET 200 https://registry.npmjs.org/minimatch 97ms (cache miss)
136 silly packumentCache corgi:https://registry.npmjs.org/minimatch set size:undefined disposed:false
137 http fetch GET 200 https://registry.npmjs.org/eslint/-/eslint-9.39.4.tgz 4390ms (cache miss)
138 silly packumentCache corgi:https://registry.npmjs.org/@eslint%2feslintrc cache-miss
139 http fetch GET 200 https://registry.npmjs.org/@eslint%2feslintrc 203ms (cache miss)
140 silly packumentCache corgi:https://registry.npmjs.org/@eslint%2feslintrc set size:undefined disposed:false
141 silly packumentCache corgi:https://registry.npmjs.org/next-view-transitions cache-miss
142 http fetch GET 200 https://registry.npmjs.org/next-view-transitions 296ms (cache miss)
143 silly packumentCache corgi:https://registry.npmjs.org/next-view-transitions set size:undefined disposed:false
144 silly packumentCache corgi:https://registry.npmjs.org/@tailwindcss%2fpostcss cache-miss
145 http fetch GET 200 https://registry.npmjs.org/@types/three/-/three-0.185.1.tgz 5745ms (cache miss)
146 http fetch GET 200 https://registry.npmjs.org/@tailwindcss%2fpostcss 616ms (cache miss)
147 silly packumentCache corgi:https://registry.npmjs.org/@tailwindcss%2fpostcss set size:undefined disposed:false
148 http fetch GET 200 https://registry.npmjs.org/three/-/three-0.185.1.tgz 6786ms (cache miss)
149 http fetch GET 200 https://registry.npmjs.org/next/-/next-16.2.5.tgz 17998ms (cache miss)
150 silly CHANGE node_modules/@types/react-dom
151 silly CHANGE node_modules/@gsap/react
152 silly CHANGE node_modules/@types/node
153 silly CHANGE node_modules/@types/three
154 silly CHANGE node_modules/@types/react
155 silly CHANGE node_modules/split-type
156 silly CHANGE node_modules/@tailwindcss/postcss
157 silly CHANGE node_modules/react
158 silly CHANGE node_modules/three
159 silly CHANGE node_modules/playwright
160 silly CHANGE node_modules/eslint-config-next
161 silly ADD node_modules/eslint-config-next/node_modules/globals
162 silly CHANGE node_modules/swiper
163 silly CHANGE node_modules/react-dom
164 silly CHANGE node_modules/typescript
165 silly CHANGE node_modules/lenis
166 silly CHANGE node_modules/next-view-transitions
167 silly CHANGE node_modules/tailwindcss
168 silly CHANGE node_modules/matter-js
169 silly CHANGE node_modules/clean
170 silly CHANGE node_modules/gsap
171 silly CHANGE node_modules/next
172 silly ADD node_modules/next/node_modules/postcss
173 silly CHANGE node_modules/eslint
174 verbose cwd E:\vyrl revamp\vyrl-revamp
175 verbose os Windows_NT 10.0.22000
176 verbose node v24.11.1
177 verbose npm  v11.6.2
178 notice
178 notice New [33mminor[39m version of npm available! [33m11.6.2[39m -> [34m11.18.0[39m
178 notice Changelog: [34mhttps://github.com/npm/cli/releases/tag/v11.18.0[39m
178 notice To update run: [4mnpm install -g npm@11.18.0[24m
178 notice  { force: true, Symbol(proc-log.meta): true }
179 verbose exit 0
180 info ok
