0 verbose cli C:\Program Files\nodejs\node.exe C:\Program Files\nodejs\node_modules\npm\bin\npm-cli.js
1 info using npm@11.6.2
2 info using node@v24.11.1
3 silly config load:file:C:\Program Files\nodejs\node_modules\npm\npmrc
4 silly config load:file:E:\vyrl revamp\vyrl-revamp\.npmrc
5 silly config load:file:C:\Users\DELL\.npmrc
6 silly config load:file:C:\Users\DELL\AppData\Roaming\npm\etc\npmrc
7 verbose title npm i
8 verbose argv "i" "--cache" "clean"
9 verbose logfile logs-max:10 dir:E:\vyrl revamp\vyrl-revamp\clean\_logs\2026-08-12T11_34_15_962Z-
10 verbose logfile E:\vyrl revamp\vyrl-revamp\clean\_logs\2026-08-12T11_34_15_962Z-debug-0.log
11 silly logfile start cleaning logs, removing 1 files
12 silly packumentCache heap:4496293888 maxSize:1124073472 maxEntrySize:562036736
13 silly logfile done cleaning log files
14 silly idealTree buildDeps
15 silly reify moves {}
16 silly audit bulk request {
16 silly audit   '@alloc/quick-lru': [ '5.2.0' ],
16 silly audit   '@babel/code-frame': [ '7.29.0' ],
16 silly audit   '@babel/compat-data': [ '7.29.3' ],
16 silly audit   '@babel/core': [ '7.29.0' ],
16 silly audit   '@babel/generator': [ '7.29.1' ],
16 silly audit   '@babel/helper-compilation-targets': [ '7.28.6' ],
16 silly audit   '@babel/helper-globals': [ '7.28.0' ],
16 silly audit   '@babel/helper-module-imports': [ '7.28.6' ],
16 silly audit   '@babel/helper-module-transforms': [ '7.28.6' ],
16 silly audit   '@babel/helper-string-parser': [ '7.27.1' ],
16 silly audit   '@babel/helper-validator-identifier': [ '7.28.5' ],
16 silly audit   '@babel/helper-validator-option': [ '7.27.1' ],
16 silly audit   '@babel/helpers': [ '7.29.2' ],
16 silly audit   '@babel/parser': [ '7.29.3' ],
16 silly audit   '@babel/runtime': [ '7.29.7' ],
16 silly audit   '@babel/template': [ '7.28.6' ],
16 silly audit   '@babel/traverse': [ '7.29.0' ],
16 silly audit   '@babel/types': [ '7.29.0' ],
16 silly audit   '@dimforge/rapier3d-compat': [ '0.12.0' ],
16 silly audit   '@emnapi/core': [ '1.10.0' ],
16 silly audit   '@emnapi/runtime': [ '1.10.0' ],
16 silly audit   '@emnapi/wasi-threads': [ '1.2.1' ],
16 silly audit   '@eslint-community/eslint-utils': [ '4.9.1' ],
16 silly audit   'eslint-visitor-keys': [ '3.4.3', '5.0.1', '4.2.1' ],
16 silly audit   '@eslint-community/regexpp': [ '4.12.2' ],
16 silly audit   '@eslint/config-array': [ '0.21.2' ],
16 silly audit   '@eslint/config-helpers': [ '0.4.2' ],
16 silly audit   '@eslint/core': [ '0.17.0' ],
16 silly audit   '@eslint/eslintrc': [ '3.3.5' ],
16 silly audit   '@eslint/js': [ '9.39.4' ],
16 silly audit   '@eslint/object-schema': [ '2.1.7' ],
16 silly audit   '@eslint/plugin-kit': [ '0.4.1' ],
16 silly audit   '@gsap/react': [ '2.1.2' ],
16 silly audit   '@humanfs/core': [ '0.19.2' ],
16 silly audit   '@humanfs/node': [ '0.16.8' ],
16 silly audit   '@humanfs/types': [ '0.15.0' ],
16 silly audit   '@humanwhocodes/module-importer': [ '1.0.1' ],
16 silly audit   '@humanwhocodes/retry': [ '0.4.3' ],
16 silly audit   '@img/colour': [ '1.1.0' ],
16 silly audit   '@img/sharp-darwin-arm64': [ '0.34.5' ],
16 silly audit   '@img/sharp-darwin-x64': [ '0.34.5' ],
16 silly audit   '@img/sharp-libvips-darwin-arm64': [ '1.2.4' ],
16 silly audit   '@img/sharp-libvips-darwin-x64': [ '1.2.4' ],
16 silly audit   '@img/sharp-libvips-linux-arm': [ '1.2.4' ],
16 silly audit   '@img/sharp-libvips-linux-arm64': [ '1.2.4' ],
16 silly audit   '@img/sharp-libvips-linux-ppc64': [ '1.2.4' ],
16 silly audit   '@img/sharp-libvips-linux-riscv64': [ '1.2.4' ],
16 silly audit   '@img/sharp-libvips-linux-s390x': [ '1.2.4' ],
16 silly audit   '@img/sharp-libvips-linux-x64': [ '1.2.4' ],
16 silly audit   '@img/sharp-libvips-linuxmusl-arm64': [ '1.2.4' ],
16 silly audit   '@img/sharp-libvips-linuxmusl-x64': [ '1.2.4' ],
16 silly audit   '@img/sharp-linux-arm': [ '0.34.5' ],
16 silly audit   '@img/sharp-linux-arm64': [ '0.34.5' ],
16 silly audit   '@img/sharp-linux-ppc64': [ '0.34.5' ],
16 silly audit   '@img/sharp-linux-riscv64': [ '0.34.5' ],
16 silly audit   '@img/sharp-linux-s390x': [ '0.34.5' ],
16 silly audit   '@img/sharp-linux-x64': [ '0.34.5' ],
16 silly audit   '@img/sharp-linuxmusl-arm64': [ '0.34.5' ],
16 silly audit   '@img/sharp-linuxmusl-x64': [ '0.34.5' ],
16 silly audit   '@img/sharp-wasm32': [ '0.34.5' ],
16 silly audit   '@img/sharp-win32-arm64': [ '0.34.5' ],
16 silly audit   '@img/sharp-win32-ia32': [ '0.34.5' ],
16 silly audit   '@img/sharp-win32-x64': [ '0.34.5' ],
16 silly audit   '@jridgewell/gen-mapping': [ '0.3.13' ],
16 silly audit   '@jridgewell/remapping': [ '2.3.5' ],
16 silly audit   '@jridgewell/resolve-uri': [ '3.1.2' ],
16 silly audit   '@jridgewell/sourcemap-codec': [ '1.5.5' ],
16 silly audit   '@jridgewell/trace-mapping': [ '0.3.31' ],
16 silly audit   '@mediapipe/tasks-vision': [ '0.10.17' ],
16 silly audit   '@monogrid/gainmap-js': [ '3.4.0' ],
16 silly audit   '@napi-rs/wasm-runtime': [ '0.2.12' ],
16 silly audit   '@next/env': [ '16.2.5' ],
16 silly audit   '@next/eslint-plugin-next': [ '16.2.5' ],
16 silly audit   '@next/swc-darwin-arm64': [ '16.2.5' ],
16 silly audit   '@next/swc-darwin-x64': [ '16.2.5' ],
16 silly audit   '@next/swc-linux-arm64-gnu': [ '16.2.5' ],
16 silly audit   '@next/swc-linux-arm64-musl': [ '16.2.5' ],
16 silly audit   '@next/swc-linux-x64-gnu': [ '16.2.5' ],
16 silly audit   '@next/swc-linux-x64-musl': [ '16.2.5' ],
16 silly audit   '@next/swc-win32-arm64-msvc': [ '16.2.5' ],
16 silly audit   '@next/swc-win32-x64-msvc': [ '16.2.5' ],
16 silly audit   '@nodelib/fs.scandir': [ '2.1.5' ],
16 silly audit   '@nodelib/fs.stat': [ '2.0.5' ],
16 silly audit   '@nodelib/fs.walk': [ '1.2.8' ],
16 silly audit   '@nolyfill/is-core-module': [ '1.0.39' ],
16 silly audit   '@react-three/drei': [ '10.7.8' ],
16 silly audit   '@react-three/fiber': [ '9.7.0' ],
16 silly audit   '@react-three/postprocessing': [ '3.0.5' ],
16 silly audit   '@rtsao/scc': [ '1.1.0' ],
16 silly audit   '@swc/helpers': [ '0.5.15' ],
16 silly audit   '@tailwindcss/node': [ '4.2.4' ],
16 silly audit   '@tailwindcss/oxide': [ '4.2.4' ],
16 silly audit   '@tailwindcss/oxide-android-arm64': [ '4.2.4' ],
16 silly audit   '@tailwindcss/oxide-darwin-arm64': [ '4.2.4' ],
16 silly audit   '@tailwindcss/oxide-darwin-x64': [ '4.2.4' ],
16 silly audit   '@tailwindcss/oxide-freebsd-x64': [ '4.2.4' ],
16 silly audit   '@tailwindcss/oxide-linux-arm-gnueabihf': [ '4.2.4' ],
16 silly audit   '@tailwindcss/oxide-linux-arm64-gnu': [ '4.2.4' ],
16 silly audit   '@tailwindcss/oxide-linux-arm64-musl': [ '4.2.4' ],
16 silly audit   '@tailwindcss/oxide-linux-x64-gnu': [ '4.2.4' ],
16 silly audit   '@tailwindcss/oxide-linux-x64-musl': [ '4.2.4' ],
16 silly audit   '@tailwindcss/oxide-wasm32-wasi': [ '4.2.4' ],
16 silly audit   '@tailwindcss/oxide-win32-arm64-msvc': [ '4.2.4' ],
16 silly audit   '@tailwindcss/oxide-win32-x64-msvc': [ '4.2.4' ],
16 silly audit   '@tailwindcss/postcss': [ '4.2.4' ],
16 silly audit   '@tweenjs/tween.js': [ '23.1.3' ],
16 silly audit   '@tybys/wasm-util': [ '0.10.2' ],
16 silly audit   '@types/draco3d': [ '1.4.10' ],
16 silly audit   '@types/estree': [ '1.0.9' ],
16 silly audit   '@types/json-schema': [ '7.0.15' ],
16 silly audit   '@types/json5': [ '0.0.29' ],
16 silly audit   '@types/node': [ '20.19.39' ],
16 silly audit   '@types/offscreencanvas': [ '2019.7.3' ],
16 silly audit   '@types/react': [ '19.2.14' ],
16 silly audit   '@types/react-dom': [ '19.2.3' ],
16 silly audit   '@types/react-reconciler': [ '0.28.9' ],
16 silly audit   '@types/stats.js': [ '0.17.4' ],
16 silly audit   '@types/three': [ '0.185.1' ],
16 silly audit   '@types/webxr': [ '0.5.24' ],
16 silly audit   '@typescript-eslint/eslint-plugin': [ '8.59.2' ],
16 silly audit   ignore: [ '7.0.5', '5.3.2' ],
16 silly audit   '@typescript-eslint/parser': [ '8.59.2' ],
16 silly audit   '@typescript-eslint/project-service': [ '8.59.2' ],
16 silly audit   '@typescript-eslint/scope-manager': [ '8.59.2' ],
16 silly audit   '@typescript-eslint/tsconfig-utils': [ '8.59.2' ],
16 silly audit   '@typescript-eslint/type-utils': [ '8.59.2' ],
16 silly audit   '@typescript-eslint/types': [ '8.59.2' ],
16 silly audit   '@typescript-eslint/typescript-estree': [ '8.59.2' ],
16 silly audit   'balanced-match': [ '4.0.4', '1.0.2' ],
16 silly audit   'brace-expansion': [ '5.0.5', '1.1.14' ],
16 silly audit   minimatch: [ '10.2.5', '3.1.5' ],
16 silly audit   semver: [ '7.7.4', '6.3.1' ],
16 silly audit   '@typescript-eslint/utils': [ '8.59.2' ],
16 silly audit   '@typescript-eslint/visitor-keys': [ '8.59.2' ],
16 silly audit   '@unrs/resolver-binding-android-arm-eabi': [ '1.11.1' ],
16 silly audit   '@unrs/resolver-binding-android-arm64': [ '1.11.1' ],
16 silly audit   '@unrs/resolver-binding-darwin-arm64': [ '1.11.1' ],
16 silly audit   '@unrs/resolver-binding-darwin-x64': [ '1.11.1' ],
16 silly audit   '@unrs/resolver-binding-freebsd-x64': [ '1.11.1' ],
16 silly audit   '@unrs/resolver-binding-linux-arm-gnueabihf': [ '1.11.1' ],
16 silly audit   '@unrs/resolver-binding-linux-arm-musleabihf': [ '1.11.1' ],
16 silly audit   '@unrs/resolver-binding-linux-arm64-gnu': [ '1.11.1' ],
16 silly audit   '@unrs/resolver-binding-linux-arm64-musl': [ '1.11.1' ],
16 silly audit   '@unrs/resolver-binding-linux-ppc64-gnu': [ '1.11.1' ],
16 silly audit   '@unrs/resolver-binding-linux-riscv64-gnu': [ '1.11.1' ],
16 silly audit   '@unrs/resolver-binding-linux-riscv64-musl': [ '1.11.1' ],
16 silly audit   '@unrs/resolver-binding-linux-s390x-gnu': [ '1.11.1' ],
16 silly audit   '@unrs/resolver-binding-linux-x64-gnu': [ '1.11.1' ],
16 silly audit   '@unrs/resolver-binding-linux-x64-musl': [ '1.11.1' ],
16 silly audit   '@unrs/resolver-binding-wasm32-wasi': [ '1.11.1' ],
16 silly audit   '@unrs/resolver-binding-win32-arm64-msvc': [ '1.11.1' ],
16 silly audit   '@unrs/resolver-binding-win32-ia32-msvc': [ '1.11.1' ],
16 silly audit   '@unrs/resolver-binding-win32-x64-msvc': [ '1.11.1' ],
16 silly audit   '@use-gesture/core': [ '10.3.1' ],
16 silly audit   '@use-gesture/react': [ '10.3.1' ],
16 silly audit   '@whatisjery/react-fluid-distortion': [ '1.6.3' ],
16 silly audit   acorn: [ '8.16.0' ],
16 silly audit   'acorn-jsx': [ '5.3.2' ],
16 silly audit   ajv: [ '6.15.0' ],
16 silly audit   'ansi-styles': [ '4.3.0' ],
16 silly audit   argparse: [ '2.0.1' ],
16 silly audit   'aria-query': [ '5.3.2' ],
16 silly audit   'array-buffer-byte-length': [ '1.0.2' ],
16 silly audit   'array-includes': [ '3.1.9' ],
16 silly audit   'array.prototype.findlast': [ '1.2.5' ],
16 silly audit   'array.prototype.findlastindex': [ '1.2.6' ],
16 silly audit   'array.prototype.flat': [ '1.3.3' ],
16 silly audit   'array.prototype.flatmap': [ '1.3.3' ],
16 silly audit   'array.prototype.tosorted': [ '1.1.4' ],
16 silly audit   'arraybuffer.prototype.slice': [ '1.0.4' ],
16 silly audit   'ast-types-flow': [ '0.0.8' ],
16 silly audit   async: [ '0.9.2' ],
16 silly audit   'async-function': [ '1.0.0' ],
16 silly audit   'available-typed-arrays': [ '1.0.7' ],
16 silly audit   'axe-core': [ '4.11.4' ],
16 silly audit   'axobject-query': [ '4.1.0' ],
16 silly audit   'base64-js': [ '1.5.1' ],
16 silly audit   'baseline-browser-mapping': [ '2.10.27' ],
16 silly audit   'bidi-js': [ '1.0.3' ],
16 silly audit   braces: [ '3.0.3' ],
16 silly audit   browserslist: [ '4.28.2' ],
16 silly audit   buffer: [ '6.0.3' ],
16 silly audit   'call-bind': [ '1.0.9' ],
16 silly audit   'call-bind-apply-helpers': [ '1.0.2' ],
16 silly audit   'call-bound': [ '1.0.4' ],
16 silly audit   callsites: [ '3.1.0' ],
16 silly audit   'camera-controls': [ '3.1.2' ],
16 silly audit   'caniuse-lite': [ '1.0.30001792' ],
16 silly audit   chalk: [ '4.1.2' ],
16 silly audit   clean: [ '4.0.2' ],
16 silly audit   'client-only': [ '0.0.1' ],
16 silly audit   'color-convert': [ '2.0.1' ],
16 silly audit   'color-name': [ '1.1.4' ],
16 silly audit   'concat-map': [ '0.0.1' ],
16 silly audit   'convert-source-map': [ '2.0.0' ],
16 silly audit   'cross-env': [ '7.0.3' ],
16 silly audit   'cross-spawn': [ '7.0.6' ],
16 silly audit   csstype: [ '3.2.3' ],
16 silly audit   'damerau-levenshtein': [ '1.0.8' ],
16 silly audit   'data-view-buffer': [ '1.0.2' ],
16 silly audit   'data-view-byte-length': [ '1.0.2' ],
16 silly audit   'data-view-byte-offset': [ '1.0.1' ],
16 silly audit   debug: [ '4.4.3', '3.2.7' ],
16 silly audit   'deep-is': [ '0.1.4' ],
16 silly audit   'define-data-property': [ '1.1.4' ],
16 silly audit   'define-properties': [ '1.2.1' ],
16 silly audit   'detect-gpu': [ '5.0.70' ],
16 silly audit   'detect-libc': [ '2.1.2' ],
16 silly audit   doctrine: [ '2.1.0' ],
16 silly audit   draco3d: [ '1.5.7' ],
16 silly audit   'dunder-proto': [ '1.0.1' ],
16 silly audit   'electron-to-chromium': [ '1.5.352' ],
16 silly audit   'emoji-regex': [ '9.2.2' ],
16 silly audit   'enhanced-resolve': [ '5.21.0' ],
16 silly audit   'es-abstract': [ '1.24.2' ],
16 silly audit   'es-define-property': [ '1.0.1' ],
16 silly audit   'es-errors': [ '1.3.0' ],
16 silly audit   'es-iterator-helpers': [ '1.3.2' ],
16 silly audit   'es-object-atoms': [ '1.1.1' ],
16 silly audit   'es-set-tostringtag': [ '2.1.0' ],
16 silly audit   'es-shim-unscopables': [ '1.1.0' ],
16 silly audit   'es-to-primitive': [ '1.3.0' ],
16 silly audit   escalade: [ '3.2.0' ],
16 silly audit   'escape-string-regexp': [ '4.0.0' ],
16 silly audit   eslint: [ '9.39.4' ],
16 silly audit   'eslint-config-next': [ '16.2.5' ],
16 silly audit   globals: [ '16.4.0', '14.0.0' ],
16 silly audit   'eslint-import-resolver-node': [ '0.3.10' ],
16 silly audit   'eslint-import-resolver-typescript': [ '3.10.1' ],
16 silly audit   'eslint-module-utils': [ '2.12.1' ],
16 silly audit   'eslint-plugin-import': [ '2.32.0' ],
16 silly audit   'eslint-plugin-jsx-a11y': [ '6.10.2' ],
16 silly audit   'eslint-plugin-react': [ '7.37.5' ],
16 silly audit   'eslint-plugin-react-hooks': [ '7.1.1' ],
16 silly audit   'eslint-scope': [ '8.4.0' ],
16 silly audit   espree: [ '10.4.0' ],
16 silly audit   esquery: [ '1.7.0' ],
16 silly audit   esrecurse: [ '4.3.0' ],
16 silly audit   estraverse: [ '5.3.0' ],
16 silly audit   esutils: [ '2.0.3' ],
16 silly audit   'fast-deep-equal': [ '3.1.3' ],
16 silly audit   'fast-glob': [ '3.3.1' ],
16 silly audit   'glob-parent': [ '5.1.2', '6.0.2' ],
16 silly audit   'fast-json-stable-stringify': [ '2.1.0' ],
16 silly audit   'fast-levenshtein': [ '2.0.6' ],
16 silly audit   fastq: [ '1.20.1' ],
16 silly audit   fflate: [ '0.8.3', '0.6.11' ],
16 silly audit   'file-entry-cache': [ '8.0.0' ],
16 silly audit   'fill-range': [ '7.1.1' ],
16 silly audit   'find-up': [ '5.0.0' ],
16 silly audit   'flat-cache': [ '4.0.1' ],
16 silly audit   flatted: [ '3.4.2' ],
16 silly audit   'for-each': [ '0.3.5' ],
16 silly audit   fsevents: [ '2.3.2' ],
16 silly audit   'function-bind': [ '1.1.2' ],
16 silly audit   'function.prototype.name': [ '1.1.8' ],
16 silly audit   'functions-have-names': [ '1.2.3' ],
16 silly audit   'generator-function': [ '2.0.1' ],
16 silly audit   gensync: [ '1.0.0-beta.2' ],
16 silly audit   'get-intrinsic': [ '1.3.0' ],
16 silly audit   'get-proto': [ '1.0.1' ],
16 silly audit   'get-symbol-description': [ '1.1.0' ],
16 silly audit   'get-tsconfig': [ '4.14.0' ],
16 silly audit   globalthis: [ '1.0.4' ],
16 silly audit   'glsl-noise': [ '0.0.0' ],
16 silly audit   gopd: [ '1.2.0' ],
16 silly audit   'graceful-fs': [ '4.2.11' ],
16 silly audit   gsap: [ '3.15.0' ],
16 silly audit   'has-bigints': [ '1.1.0' ],
16 silly audit   'has-flag': [ '4.0.0' ],
16 silly audit   'has-property-descriptors': [ '1.0.2' ],
16 silly audit   'has-proto': [ '1.2.0' ],
16 silly audit   'has-symbols': [ '1.1.0' ],
16 silly audit   'has-tostringtag': [ '1.0.2' ],
16 silly audit   hasown: [ '2.0.3' ],
16 silly audit   'hermes-estree': [ '0.25.1' ],
16 silly audit   'hermes-parser': [ '0.25.1' ],
16 silly audit   'hls.js': [ '1.6.18' ],
16 silly audit   ieee754: [ '1.2.1' ],
16 silly audit   immediate: [ '3.0.6' ],
16 silly audit   'import-fresh': [ '3.3.1' ],
16 silly audit   imurmurhash: [ '0.1.4' ],
16 silly audit   'internal-slot': [ '1.1.0' ],
16 silly audit   'is-array-buffer': [ '3.0.5' ],
16 silly audit   'is-async-function': [ '2.1.1' ],
16 silly audit   'is-bigint': [ '1.1.0' ],
16 silly audit   'is-boolean-object': [ '1.2.2' ],
16 silly audit   'is-bun-module': [ '2.0.0' ],
16 silly audit   'is-callable': [ '1.2.7' ],
16 silly audit   'is-core-module': [ '2.16.2' ],
16 silly audit   'is-data-view': [ '1.0.2' ],
16 silly audit   'is-date-object': [ '1.1.0' ],
16 silly audit   'is-extglob': [ '2.1.1' ],
16 silly audit   'is-finalizationregistry': [ '1.1.1' ],
16 silly audit   'is-generator-function': [ '1.1.2' ],
16 silly audit   'is-glob': [ '4.0.3' ],
16 silly audit   'is-map': [ '2.0.3' ],
16 silly audit   'is-negative-zero': [ '2.0.3' ],
16 silly audit   'is-number': [ '7.0.0' ],
16 silly audit   'is-number-object': [ '1.1.1' ],
16 silly audit   'is-promise': [ '2.2.2' ],
16 silly audit   'is-regex': [ '1.2.1' ],
16 silly audit   'is-set': [ '2.0.3' ],
16 silly audit   'is-shared-array-buffer': [ '1.0.4' ],
16 silly audit   'is-string': [ '1.1.1' ],
16 silly audit   'is-symbol': [ '1.1.1' ],
16 silly audit   'is-typed-array': [ '1.1.15' ],
16 silly audit   'is-weakmap': [ '2.0.2' ],
16 silly audit   'is-weakref': [ '1.1.1' ],
16 silly audit   'is-weakset': [ '2.0.4' ],
16 silly audit   isarray: [ '2.0.5' ],
16 silly audit   isexe: [ '2.0.0' ],
16 silly audit   'iterator.prototype': [ '1.1.5' ],
16 silly audit   'its-fine': [ '2.0.0' ],
16 silly audit   jiti: [ '2.7.0' ],
16 silly audit   'js-tokens': [ '4.0.0' ],
16 silly audit   'js-yaml': [ '4.1.1' ],
16 silly audit   jsesc: [ '3.1.0' ],
16 silly audit   'json-buffer': [ '3.0.1' ],
16 silly audit   'json-schema-traverse': [ '0.4.1' ],
16 silly audit   'json-stable-stringify-without-jsonify': [ '1.0.1' ],
16 silly audit   json5: [ '2.2.3', '1.0.2' ],
16 silly audit   'jsx-ast-utils': [ '3.3.5' ],
16 silly audit   keyv: [ '4.5.4' ],
16 silly audit   'language-subtag-registry': [ '0.3.23' ],
16 silly audit   'language-tags': [ '1.0.9' ],
16 silly audit   lenis: [ '1.3.25' ],
16 silly audit   levn: [ '0.4.1' ],
16 silly audit   lie: [ '3.3.0' ],
16 silly audit   lightningcss: [ '1.32.0' ],
16 silly audit   'lightningcss-android-arm64': [ '1.32.0' ],
16 silly audit   'lightningcss-darwin-arm64': [ '1.32.0' ],
16 silly audit   'lightningcss-darwin-x64': [ '1.32.0' ],
16 silly audit   'lightningcss-freebsd-x64': [ '1.32.0' ],
16 silly audit   'lightningcss-linux-arm-gnueabihf': [ '1.32.0' ],
16 silly audit   'lightningcss-linux-arm64-gnu': [ '1.32.0' ],
16 silly audit   'lightningcss-linux-arm64-musl': [ '1.32.0' ],
16 silly audit   'lightningcss-linux-x64-gnu': [ '1.32.0' ],
16 silly audit   'lightningcss-linux-x64-musl': [ '1.32.0' ],
16 silly audit   'lightningcss-win32-arm64-msvc': [ '1.32.0' ],
16 silly audit   'lightningcss-win32-x64-msvc': [ '1.32.0' ],
16 silly audit   'locate-path': [ '6.0.0' ],
16 silly audit   'lodash.merge': [ '4.6.2' ],
16 silly audit   'loose-envify': [ '1.4.0' ],
16 silly audit   'lru-cache': [ '5.1.1' ],
16 silly audit   maath: [ '0.10.8' ],
16 silly audit   'magic-string': [ '0.30.21' ],
16 silly audit   'make-array': [ '0.1.2' ],
16 silly audit   'math-intrinsics': [ '1.1.0' ],
16 silly audit   'matter-js': [ '0.20.0' ],
16 silly audit   merge2: [ '1.4.1' ],
16 silly audit   meshline: [ '3.3.1' ],
16 silly audit   meshoptimizer: [ '1.1.1' ],
16 silly audit   micromatch: [ '4.0.8' ],
16 silly audit   minimist: [ '1.2.8' ],
16 silly audit   mix2: [ '1.0.5' ],
16 silly audit   ms: [ '2.1.3' ],
16 silly audit   n8ao: [ '2.0.1' ],
16 silly audit   nanoid: [ '3.3.12' ],
16 silly audit   'napi-postinstall': [ '0.3.4' ],
16 silly audit   'natural-compare': [ '1.4.0' ],
16 silly audit   next: [ '16.2.5' ],
16 silly audit   'next-view-transitions': [ '0.3.5' ],
16 silly audit   postcss: [ '8.4.31', '8.5.14' ],
16 silly audit   'node-exports-info': [ '1.6.0' ],
16 silly audit   'node-releases': [ '2.0.38' ],
16 silly audit   'object-assign': [ '4.1.1' ],
16 silly audit   'object-inspect': [ '1.13.4' ],
16 silly audit   'object-keys': [ '1.1.1' ],
16 silly audit   'object.assign': [ '4.1.7' ],
16 silly audit   'object.entries': [ '1.1.9' ],
16 silly audit   'object.fromentries': [ '2.0.8' ],
16 silly audit   'object.groupby': [ '1.0.3' ],
16 silly audit   'object.values': [ '1.2.1' ],
16 silly audit   optionator: [ '0.9.4' ],
16 silly audit   'own-keys': [ '1.0.1' ],
16 silly audit   'p-limit': [ '3.1.0' ],
16 silly audit   'p-locate': [ '5.0.0' ],
16 silly audit   'parent-module': [ '1.0.1' ],
16 silly audit   'path-exists': [ '4.0.0' ],
16 silly audit   'path-key': [ '3.1.1' ],
16 silly audit   'path-parse': [ '1.0.7' ],
16 silly audit   picocolors: [ '1.1.1' ],
16 silly audit   picomatch: [ '2.3.2', '4.0.4' ],
16 silly audit   playwright: [ '1.61.1' ],
16 silly audit   'playwright-core': [ '1.61.1' ],
16 silly audit   'possible-typed-array-names': [ '1.1.0' ],
16 silly audit   postprocessing: [ '6.39.4' ],
16 silly audit   potpack: [ '1.0.2' ],
16 silly audit   'prelude-ls': [ '1.2.1' ],
16 silly audit   'promise-worker-transferable': [ '1.0.4' ],
16 silly audit   'prop-types': [ '15.8.1' ],
16 silly audit   punycode: [ '2.3.1' ],
16 silly audit   'queue-microtask': [ '1.2.3' ],
16 silly audit   react: [ '19.2.4' ],
16 silly audit   'react-dom': [ '19.2.4' ],
16 silly audit   'react-is': [ '16.13.1' ],
16 silly audit   'react-use-measure': [ '2.1.7' ],
16 silly audit   'reflect.getprototypeof': [ '1.0.10' ],
16 silly audit   'regexp.prototype.flags': [ '1.5.4' ],
16 silly audit   'require-from-string': [ '2.0.2' ],
16 silly audit   resolve: [ '2.0.0-next.6' ],
16 silly audit   'resolve-from': [ '4.0.0' ],
16 silly audit   'resolve-pkg-maps': [ '1.0.0' ],
16 silly audit   reusify: [ '1.1.0' ],
16 silly audit   'run-parallel': [ '1.2.0' ],
16 silly audit   'safe-array-concat': [ '1.1.4' ],
16 silly audit   'safe-push-apply': [ '1.0.0' ],
16 silly audit   'safe-regex-test': [ '1.1.0' ],
16 silly audit   scheduler: [ '0.27.0' ],
16 silly audit   'set-function-length': [ '1.2.2' ],
16 silly audit   'set-function-name': [ '2.0.2' ],
16 silly audit   'set-proto': [ '1.0.0' ],
16 silly audit   sharp: [ '0.34.5' ],
16 silly audit   'shebang-command': [ '2.0.0' ],
16 silly audit   'shebang-regex': [ '3.0.0' ],
16 silly audit   'side-channel': [ '1.1.0' ],
16 silly audit   'side-channel-list': [ '1.0.1' ],
16 silly audit   'side-channel-map': [ '1.0.1' ],
16 silly audit   'side-channel-weakmap': [ '1.0.2' ],
16 silly audit   skema: [ '1.0.2' ],
16 silly audit   'source-map-js': [ '1.2.1' ],
16 silly audit   'split-type': [ '0.3.4' ],
16 silly audit   'stable-hash': [ '0.0.5' ],
16 silly audit   'stats-gl': [ '2.4.2' ],
16 silly audit   three: [ '0.170.0', '0.185.1' ],
16 silly audit   'stats.js': [ '0.17.0' ],
16 silly audit   'stop-iteration-iterator': [ '1.1.0' ],
16 silly audit   'string.prototype.includes': [ '2.0.1' ],
16 silly audit   'string.prototype.matchall': [ '4.0.12' ],
16 silly audit   'string.prototype.repeat': [ '1.0.0' ],
16 silly audit   'string.prototype.trim': [ '1.2.10' ],
16 silly audit   'string.prototype.trimend': [ '1.0.9' ],
16 silly audit   'string.prototype.trimstart': [ '1.0.8' ],
16 silly audit   'strip-bom': [ '3.0.0' ],
16 silly audit   'strip-json-comments': [ '3.1.1' ],
16 silly audit   'styled-jsx': [ '5.1.6' ],
16 silly audit   'supports-color': [ '7.2.0' ],
16 silly audit   'supports-preserve-symlinks-flag': [ '1.0.0' ],
16 silly audit   'suspend-react': [ '0.1.3' ],
16 silly audit   swiper: [ '12.2.0' ],
16 silly audit   tailwindcss: [ '4.2.4' ],
16 silly audit   tapable: [ '2.3.3' ],
16 silly audit   'three-mesh-bvh': [ '0.8.3' ],
16 silly audit   'three-stdlib': [ '2.36.1' ],
16 silly audit   tinyglobby: [ '0.2.16' ],
16 silly audit   fdir: [ '6.5.0' ],
16 silly audit   'to-regex-range': [ '5.0.1' ],
16 silly audit   'troika-three-text': [ '0.52.5' ],
16 silly audit   'troika-three-utils': [ '0.52.5' ],
16 silly audit   'troika-worker-utils': [ '0.52.0' ],
16 silly audit   'ts-api-utils': [ '2.5.0' ],
16 silly audit   'tsconfig-paths': [ '3.15.0' ],
16 silly audit   tslib: [ '2.8.1' ],
16 silly audit   'tunnel-rat': [ '0.1.2' ],
16 silly audit   zustand: [ '4.5.7', '5.0.14' ],
16 silly audit   'type-check': [ '0.4.0' ],
16 silly audit   'typed-array-buffer': [ '1.0.3' ],
16 silly audit   'typed-array-byte-length': [ '1.0.3' ],
16 silly audit   'typed-array-byte-offset': [ '1.0.4' ],
16 silly audit   'typed-array-length': [ '1.0.7' ],
16 silly audit   typescript: [ '5.9.3' ],
16 silly audit   'typescript-eslint': [ '8.59.2' ],
16 silly audit   'unbox-primitive': [ '1.1.0' ],
16 silly audit   'undici-types': [ '6.21.0' ],
16 silly audit   'unrs-resolver': [ '1.11.1' ],
16 silly audit   'update-browserslist-db': [ '1.2.3' ],
16 silly audit   'uri-js': [ '4.4.1' ],
16 silly audit   'use-sync-external-store': [ '1.6.0' ],
16 silly audit   'utility-types': [ '3.11.0' ],
16 silly audit   'vanilla-tilt': [ '1.8.1' ],
16 silly audit   'webgl-constants': [ '1.1.1' ],
16 silly audit   'webgl-sdf-generator': [ '1.1.1' ],
16 silly audit   which: [ '2.0.2' ],
16 silly audit   'which-boxed-primitive': [ '1.1.1' ],
16 silly audit   'which-builtin-type': [ '1.2.1' ],
16 silly audit   'which-collection': [ '1.0.2' ],
16 silly audit   'which-typed-array': [ '1.1.20' ],
16 silly audit   'word-wrap': [ '1.2.5' ],
16 silly audit   yallist: [ '3.1.1' ],
16 silly audit   'yocto-queue': [ '0.1.0' ],
16 silly audit   zod: [ '4.4.3' ],
16 silly audit   'zod-validation-error': [ '4.0.2' ]
16 silly audit }
17 http fetch POST 200 https://registry.npmjs.org/-/npm/v1/security/advisories/bulk 600ms
18 silly audit report {
18 silly audit report   '@babel/core': [
18 silly audit report     {
18 silly audit report       id: 1123528,
18 silly audit report       url: 'https://github.com/advisories/GHSA-4x5r-pxfx-6jf8',
18 silly audit report       title: '@babel/core: Arbitrary File Read via sourceMappingURL Comment',
18 silly audit report       severity: 'low',
18 silly audit report       vulnerable_versions: '<=7.29.0',
18 silly audit report       cwe: [Array],
18 silly audit report       cvss: [Object]
18 silly audit report     }
18 silly audit report   ],
18 silly audit report   'brace-expansion': [
18 silly audit report     {
18 silly audit report       id: 1120311,
18 silly audit report       url: 'https://github.com/advisories/GHSA-jxxr-4gwj-5jf2',
18 silly audit report       title: 'brace-expansion: Large numeric range defeats documented `max` DoS protection',
18 silly audit report       severity: 'moderate',
18 silly audit report       vulnerable_versions: '>=5.0.0 <5.0.6',
18 silly audit report       cwe: [Array],
18 silly audit report       cvss: [Object]
18 silly audit report     },
18 silly audit report     {
18 silly audit report       id: 1130588,
18 silly audit report       url: 'https://github.com/advisories/GHSA-mh99-v99m-4gvg',
18 silly audit report       title: 'brace-expansion: DoS via unbounded expansion length causing an out-of-memory process crash',
18 silly audit report       severity: 'high',
18 silly audit report       vulnerable_versions: '<1.1.17',
18 silly audit report       cwe: [Array],
18 silly audit report       cvss: [Object]
18 silly audit report     },
18 silly audit report     {
18 silly audit report       id: 1130591,
18 silly audit report       url: 'https://github.com/advisories/GHSA-mh99-v99m-4gvg',
18 silly audit report       title: 'brace-expansion: DoS via unbounded expansion length causing an out-of-memory process crash',
18 silly audit report       severity: 'high',
18 silly audit report       vulnerable_versions: '>=4.0.0 <5.0.8',
18 silly audit report       cwe: [Array],
18 silly audit report       cvss: [Object]
18 silly audit report     },
18 silly audit report     {
18 silly audit report       id: 1130734,
18 silly audit report       url: 'https://github.com/advisories/GHSA-rgw5-rvv9-x895',
18 silly audit report       title: 'brace-expansion: DoS via unbounded intermediate arrays, bypassing the CVE-2026-14257 mitigation',
18 silly audit report       severity: 'high',
18 silly audit report       vulnerable_versions: '>=4.0.0 <5.0.9',
18 silly audit report       cwe: [Array],
18 silly audit report       cvss: [Object]
18 silly audit report     },
18 silly audit report     {
18 silly audit report       id: 1130737,
18 silly audit report       url: 'https://github.com/advisories/GHSA-rgw5-rvv9-x895',
18 silly audit report       title: 'brace-expansion: DoS via unbounded intermediate arrays, bypassing the CVE-2026-14257 mitigation',
18 silly audit report       severity: 'high',
18 silly audit report       vulnerable_versions: '<1.1.18',
18 silly audit report       cwe: [Array],
18 silly audit report       cvss: [Object]
18 silly audit report     },
18 silly audit report     {
18 silly audit report       id: 1123897,
18 silly audit report       url: 'https://github.com/advisories/GHSA-3jxr-9vmj-r5cp',
18 silly audit report       title: 'brace-expansion: DoS via exponential-time expansion of consecutive non-expanding {} groups',
18 silly audit report       severity: 'high',
18 silly audit report       vulnerable_versions: '<1.1.16',
18 silly audit report       cwe: [Array],
18 silly audit report       cvss: [Object]
18 silly audit report     },
18 silly audit report     {
18 silly audit report       id: 1123898,
18 silly audit report       url: 'https://github.com/advisories/GHSA-3jxr-9vmj-r5cp',
18 silly audit report       title: 'brace-expansion: DoS via exponential-time expansion of consecutive non-expanding {} groups',
18 silly audit report       severity: 'high',
18 silly audit report       vulnerable_versions: '>=3.0.0 <5.0.7',
18 silly audit report       cwe: [Array],
18 silly audit report       cvss: [Object]
18 silly audit report     }
18 silly audit report   ],
18 silly audit report   'js-yaml': [
18 silly audit report     {
18 silly audit report       id: 1121860,
18 silly audit report       url: 'https://github.com/advisories/GHSA-h67p-54hq-rp68',
18 silly audit report       title: 'JS-YAML: Quadratic-complexity DoS in merge key handling via repeated aliases',
18 silly audit report       severity: 'moderate',
18 silly audit report       vulnerable_versions: '>=4.0.0 <=4.1.1',
18 silly audit report       cwe: [Array],
18 silly audit report       cvss: [Object]
18 silly audit report     },
18 silly audit report     {
18 silly audit report       id: 1123911,
18 silly audit report       url: 'https://github.com/advisories/GHSA-52cp-r559-cp3m',
18 silly audit report       title: 'js-yaml: YAML merge-key chains can force quadratic CPU consumption',
18 silly audit report       severity: 'high',
18 silly audit report       vulnerable_versions: '>=4.0.0 <4.3.0',
18 silly audit report       cwe: [Array],
18 silly audit report       cvss: [Object]
18 silly audit report     },
18 silly audit report     {
18 silly audit report       id: 1138115,
18 silly audit report       url: 'https://github.com/advisories/GHSA-5p4m-2wfm-xmqj',
18 silly audit report       title: 'JS-YAML: Quadratic CPU consumption in !!omap resolution (3.x and 4.x) — CVE-2026-59870 fix not backported',
18 silly audit report       severity: 'high',
18 silly audit report       vulnerable_versions: '>=4.0.0 <4.3.1',
18 silly audit report       cwe: [Array],
18 silly audit report       cvss: [Object]
18 silly audit report     }
18 silly audit report   ],
18 silly audit report   nanoid: [
18 silly audit report     {
18 silly audit report       id: 1138811,
18 silly audit report       url: 'https://github.com/advisories/GHSA-28wg-ghj8-5hjv',
18 silly audit report       title: 'nanoid: non-secure generators can loop indefinitely with negative size',
18 silly audit report       severity: 'high',
18 silly audit report       vulnerable_versions: '<3.3.16',
18 silly audit report       cwe: [Array],
18 silly audit report       cvss: [Object]
18 silly audit report     },
18 silly audit report     {
18 silly audit report       id: 1138813,
18 silly audit report       url: 'https://github.com/advisories/GHSA-2v37-7h3g-55p8',
18 silly audit report       title: 'nanoid: custom generators can loop indefinitely when size is zero',
18 silly audit report       severity: 'high',
18 silly audit report       vulnerable_versions: '<3.3.17',
18 silly audit report       cwe: [Array],
18 silly audit report       cvss: [Object]
18 silly audit report     }
18 silly audit report   ],
18 silly audit report   next: [
18 silly audit report     {
18 silly audit report       id: 1118938,
18 silly audit report       url: 'https://github.com/advisories/GHSA-26hh-7cqf-hhc6',
18 silly audit report       title: 'Next.js has a Middleware / Proxy bypass in App Router applications via segment-prefetch routes - Incomplete Fix Follow-Up',
18 silly audit report       severity: 'high',
18 silly audit report       vulnerable_versions: '>=16.0.0 <16.2.6',
18 silly audit report       cwe: [Array],
18 silly audit report       cvss: [Object]
18 silly audit report     },
18 silly audit report     {
18 silly audit report       id: 1124184,
18 silly audit report       url: 'https://github.com/advisories/GHSA-89xv-2m56-2m9x',
18 silly audit report       title: 'Next.js: Server-Side Request Forgery in Server Actions on custom servers',
18 silly audit report       severity: 'high',
18 silly audit report       vulnerable_versions: '>=16.0.0 <16.2.11',
18 silly audit report       cwe: [Array],
18 silly audit report       cvss: [Object]
18 silly audit report     },
18 silly audit report     {
18 silly audit report       id: 1124186,
18 silly audit report       url: 'https://github.com/advisories/GHSA-68g3-v927-f742',
18 silly audit report       title: 'Next.js: Cache confusion of response bodies for requests with bodies',
18 silly audit report       severity: 'moderate',
18 silly audit report       vulnerable_versions: '>=16.0.0 <16.2.11',
18 silly audit report       cwe: [Array],
18 silly audit report       cvss: [Object]
18 silly audit report     },
18 silly audit report     {
18 silly audit report       id: 1124170,
18 silly audit report       url: 'https://github.com/advisories/GHSA-6gpp-xcg3-4w24',
18 silly audit report       title: 'Next.js: Middleware / Proxy bypass in App Router applications using Turbopack and single locale',
18 silly audit report       severity: 'high',
18 silly audit report       vulnerable_versions: '>=16.0.0 <16.2.11',
18 silly audit report       cwe: [Array],
18 silly audit report       cvss: [Object]
18 silly audit report     },
18 silly audit report     {
18 silly audit report       id: 1124171,
18 silly audit report       url: 'https://github.com/advisories/GHSA-m99w-x7hq-7vfj',
18 silly audit report       title: 'Next.js: Denial of Service in App Router using Server Actions',
18 silly audit report       severity: 'high',
18 silly audit report       vulnerable_versions: '>=16.0.0 <16.2.11',
18 silly audit report       cwe: [Array],
18 silly audit report       cvss: [Object]
18 silly audit report     },
18 silly audit report     {
18 silly audit report       id: 1124188,
18 silly audit report       url: 'https://github.com/advisories/GHSA-4633-3j49-mh5q',
18 silly audit report       title: 'Next.js: Cache confusion of response bodies for requests with bodies containing invalid UTF-8 byte sequences',
18 silly audit report       severity: 'moderate',
18 silly audit report       vulnerable_versions: '>=16.0.0 <16.2.11',
18 silly audit report       cwe: [Array],
18 silly audit report       cvss: [Object]
18 silly audit report     },
18 silly audit report     {
18 silly audit report       id: 1124190,
18 silly audit report       url: 'https://github.com/advisories/GHSA-4c39-4ccg-62r3',
18 silly audit report       title: 'Next.js: Unbounded Server Action payload in Edge runtime',
18 silly audit report       severity: 'moderate',
18 silly audit report       vulnerable_versions: '>=16.0.0 <16.2.11',
18 silly audit report       cwe: [Array],
18 silly audit report       cvss: [Object]
18 silly audit report     },
18 silly audit report     {
18 silly audit report       id: 1124192,
18 silly audit report       url: 'https://github.com/advisories/GHSA-p9j2-gv94-2wf4',
18 silly audit report       title: 'Next.js: Server-Side Request Forgery in rewrites via attacker-controlled destination hostname',
18 silly audit report       severity: 'high',
18 silly audit report       vulnerable_versions: '>=16.0.0 <16.2.11',
18 silly audit report       cwe: [Array],
18 silly audit report       cvss: [Object]
18 silly audit report     },
18 silly audit report     {
18 silly audit report       id: 1124194,
18 silly audit report       url: 'https://github.com/advisories/GHSA-q8wf-6r8g-63ch',
18 silly audit report       title: 'Next.js: Denial of Service in the Image Optimization API using SVGs',
18 silly audit report       severity: 'moderate',
18 silly audit report       vulnerable_versions: '>=16.0.0 <16.2.11',
18 silly audit report       cwe: [Array],
18 silly audit report       cvss: [Object]
18 silly audit report     },
18 silly audit report     {
18 silly audit report       id: 1124196,
18 silly audit report       url: 'https://github.com/advisories/GHSA-955p-x3mx-jcvp',
18 silly audit report       title: 'Next.js: Unauthenticated disclosure of internal Server Function endpoints',
18 silly audit report       severity: 'moderate',
18 silly audit report       vulnerable_versions: '>=16.0.0 <16.2.11',
18 silly audit report       cwe: [Array],
18 silly audit report       cvss: [Object]
18 silly audit report     }
18 silly audit report   ],
18 silly audit report   postcss: [
18 silly audit report     {
18 silly audit report       id: 1130709,
18 silly audit report       url: 'https://github.com/advisories/GHSA-fxqj-rqcc-2cmp',
18 silly audit report       title: 'PostCSS: incomplete fix of GHSA-6g55-p6wh-862q — attacker-controlled sourceMappingURL reads arbitrary .map files when `from` is unset',
18 silly audit report       severity: 'moderate',
18 silly audit report       vulnerable_versions: '<=8.5.22',
18 silly audit report       cwe: [Array],
18 silly audit report       cvss: [Object]
18 silly audit report     },
18 silly audit report     {
18 silly audit report       id: 1117015,
18 silly audit report       url: 'https://github.com/advisories/GHSA-qx2v-qp2m-jg93',
18 silly audit report       title: 'PostCSS has XSS via Unescaped </style> in its CSS Stringify Output',
18 silly audit report       severity: 'moderate',
18 silly audit report       vulnerable_versions: '<8.5.10',
18 silly audit report       cwe: [Array],
18 silly audit report       cvss: [Object]
18 silly audit report     },
18 silly audit report     {
18 silly audit report       id: 1124252,
18 silly audit report       url: 'https://github.com/advisories/GHSA-6g55-p6wh-862q',
18 silly audit report       title: 'PostCSS: Arbitrary file read and information disclosure via attacker-controlled sourceMappingURL in CSS comments',
18 silly audit report       severity: 'high',
18 silly audit report       vulnerable_versions: '<=8.5.11',
18 silly audit report       cwe: [Array],
18 silly audit report       cvss: [Object]
18 silly audit report     },
18 silly audit report     {
18 silly audit report       id: 1124288,
18 silly audit report       url: 'https://github.com/advisories/GHSA-r28c-9q8g-f849',
18 silly audit report       title: 'PostCSS: Path Traversal in Previous Source Map Auto-Loading (sourceMappingURL) leads to Arbitrary .map File Disclosure',
18 silly audit report       severity: 'high',
18 silly audit report       vulnerable_versions: '<=8.5.17',
18 silly audit report       cwe: [Array],
18 silly audit report       cvss: [Object]
18 silly audit report     }
18 silly audit report   ],
18 silly audit report   sharp: [
18 silly audit report     {
18 silly audit report       id: 1124066,
18 silly audit report       url: 'https://github.com/advisories/GHSA-f88m-g3jw-g9cj',
18 silly audit report       title: 'sharp inherited vulnerabilities in libvips: CVE-2026-33327, CVE-2026-33328, CVE-2026-35590, CVE-2026-35591',
18 silly audit report       severity: 'high',
18 silly audit report       vulnerable_versions: '<0.35.0',
18 silly audit report       cwe: [Array],
18 silly audit report       cvss: [Object]
18 silly audit report     }
18 silly audit report   ]
18 silly audit report }
19 silly packumentCache corgi:https://registry.npmjs.org/@babel%2fcore cache-miss
20 silly packumentCache corgi:https://registry.npmjs.org/brace-expansion cache-miss
21 silly packumentCache corgi:https://registry.npmjs.org/js-yaml cache-miss
22 silly packumentCache corgi:https://registry.npmjs.org/nanoid cache-miss
23 silly packumentCache corgi:https://registry.npmjs.org/next cache-miss
24 silly packumentCache corgi:https://registry.npmjs.org/postcss cache-miss
25 silly packumentCache corgi:https://registry.npmjs.org/sharp cache-miss
26 http fetch GET 200 https://registry.npmjs.org/js-yaml 81ms (cache revalidated)
27 silly packumentCache corgi:https://registry.npmjs.org/js-yaml set size:70542 disposed:false
28 http fetch GET 200 https://registry.npmjs.org/nanoid 89ms (cache revalidated)
29 silly packumentCache corgi:https://registry.npmjs.org/nanoid set size:158420 disposed:false
30 http fetch GET 200 https://registry.npmjs.org/brace-expansion 98ms (cache revalidated)
31 silly packumentCache corgi:https://registry.npmjs.org/brace-expansion set size:34964 disposed:false
32 http fetch GET 200 https://registry.npmjs.org/postcss 98ms (cache revalidated)
33 silly packumentCache corgi:https://registry.npmjs.org/postcss set size:355680 disposed:false
34 http fetch GET 200 https://registry.npmjs.org/@babel%2fcore 116ms (cache revalidated)
35 silly packumentCache corgi:https://registry.npmjs.org/@babel%2fcore set size:422446 disposed:false
36 http fetch GET 200 https://registry.npmjs.org/sharp 120ms (cache revalidated)
37 silly packumentCache corgi:https://registry.npmjs.org/sharp set size:291503 disposed:false
38 http fetch GET 200 https://registry.npmjs.org/next 164ms (cache revalidated)
39 silly packumentCache corgi:https://registry.npmjs.org/next set size:25446390 disposed:false
40 silly packumentCache corgi:https://registry.npmjs.org/@babel%2fhelper-module-transforms cache-miss
41 silly packumentCache corgi:https://registry.npmjs.org/eslint-plugin-react-hooks cache-miss
42 http fetch GET 200 https://registry.npmjs.org/@babel%2fhelper-module-transforms 43ms (cache revalidated)
43 silly packumentCache corgi:https://registry.npmjs.org/@babel%2fhelper-module-transforms set size:187739 disposed:false
44 http fetch GET 200 https://registry.npmjs.org/eslint-plugin-react-hooks 425ms (cache revalidated)
45 silly packumentCache corgi:https://registry.npmjs.org/eslint-plugin-react-hooks set size:4351155 disposed:false
46 silly packumentCache corgi:https://registry.npmjs.org/minimatch cache-miss
47 http fetch GET 200 https://registry.npmjs.org/minimatch 19ms (cache revalidated)
48 silly packumentCache corgi:https://registry.npmjs.org/minimatch set size:169442 disposed:false
49 silly packumentCache corgi:https://registry.npmjs.org/@eslint%2feslintrc cache-miss
50 http fetch GET 200 https://registry.npmjs.org/@eslint%2feslintrc 31ms (cache revalidated)
51 silly packumentCache corgi:https://registry.npmjs.org/@eslint%2feslintrc set size:84432 disposed:false
52 silly packumentCache corgi:https://registry.npmjs.org/next-view-transitions cache-miss
53 http fetch GET 200 https://registry.npmjs.org/next-view-transitions 716ms (cache revalidated)
54 silly packumentCache corgi:https://registry.npmjs.org/next-view-transitions set size:7023 disposed:false
55 silly packumentCache corgi:https://registry.npmjs.org/@tailwindcss%2fpostcss cache-miss
56 http fetch GET 200 https://registry.npmjs.org/@tailwindcss%2fpostcss 1015ms (cache revalidated)
57 silly packumentCache corgi:https://registry.npmjs.org/@tailwindcss%2fpostcss set size:1013075 disposed:false
58 verbose cwd E:\vyrl revamp\vyrl-revamp
59 verbose os Windows_NT 10.0.22000
60 verbose node v24.11.1
61 verbose npm  v11.6.2
62 verbose exit 0
63 info ok
